Component: ARM Compiler 5.06 update 6 (build 750) Tool: armlink [4d35ed]

==============================================================================

Section Cross References

    startup_stm32f40_41xxx.o(STACK) refers (Special) to heapauxi.o(.text) for __use_two_region_memory
    startup_stm32f40_41xxx.o(HEAP) refers (Special) to heapauxi.o(.text) for __use_two_region_memory
    startup_stm32f40_41xxx.o(RESET) refers (Special) to heapauxi.o(.text) for __use_two_region_memory
    startup_stm32f40_41xxx.o(RESET) refers to startup_stm32f40_41xxx.o(STACK) for __initial_sp
    startup_stm32f40_41xxx.o(RESET) refers to startup_stm32f40_41xxx.o(.text) for Reset_Handler
    startup_stm32f40_41xxx.o(RESET) refers to stm32f4xx_it.o(i.NMI_Handler) for NMI_Handler
    startup_stm32f40_41xxx.o(RESET) refers to stm32f4xx_it.o(i.HardFault_Handler) for HardFault_Handler
    startup_stm32f40_41xxx.o(RESET) refers to stm32f4xx_it.o(i.MemManage_Handler) for MemManage_Handler
    startup_stm32f40_41xxx.o(RESET) refers to stm32f4xx_it.o(i.BusFault_Handler) for BusFault_Handler
    startup_stm32f40_41xxx.o(RESET) refers to stm32f4xx_it.o(i.UsageFault_Handler) for UsageFault_Handler
    startup_stm32f40_41xxx.o(RESET) refers to stm32f4xx_it.o(i.SVC_Handler) for SVC_Handler
    startup_stm32f40_41xxx.o(RESET) refers to stm32f4xx_it.o(i.DebugMon_Handler) for DebugMon_Handler
    startup_stm32f40_41xxx.o(RESET) refers to os_cpu_a.o(CODE) for PendSV_Handler
    startup_stm32f40_41xxx.o(RESET) refers to delay.o(i.SysTick_Handler) for SysTick_Handler
    startup_stm32f40_41xxx.o(RESET) refers to usart.o(i.USART1_IRQHandler) for USART1_IRQHandler
    startup_stm32f40_41xxx.o(.text) refers (Special) to heapauxi.o(.text) for __use_two_region_memory
    startup_stm32f40_41xxx.o(.text) refers to system_stm32f4xx.o(i.SystemInit) for SystemInit
    startup_stm32f40_41xxx.o(.text) refers to __main.o(!!!main) for __main
    startup_stm32f40_41xxx.o(.text) refers to startup_stm32f40_41xxx.o(HEAP) for Heap_Mem
    startup_stm32f40_41xxx.o(.text) refers to startup_stm32f40_41xxx.o(STACK) for Stack_Mem
    stm32f4xx_adc.o(i.ADC_DeInit) refers to stm32f4xx_rcc.o(i.RCC_APB2PeriphResetCmd) for RCC_APB2PeriphResetCmd
    stm32f4xx_can.o(i.CAN_DeInit) refers to stm32f4xx_rcc.o(i.RCC_APB1PeriphResetCmd) for RCC_APB1PeriphResetCmd
    stm32f4xx_can.o(i.CAN_GetITStatus) refers to stm32f4xx_can.o(i.CheckITStatus) for CheckITStatus
    stm32f4xx_cryp.o(i.CRYP_DeInit) refers to stm32f4xx_rcc.o(i.RCC_AHB2PeriphResetCmd) for RCC_AHB2PeriphResetCmd
    stm32f4xx_cryp_aes.o(i.CRYP_AES_CBC) refers to stm32f4xx_cryp.o(i.CRYP_KeyStructInit) for CRYP_KeyStructInit
    stm32f4xx_cryp_aes.o(i.CRYP_AES_CBC) refers to stm32f4xx_cryp.o(i.CRYP_FIFOFlush) for CRYP_FIFOFlush
    stm32f4xx_cryp_aes.o(i.CRYP_AES_CBC) refers to stm32f4xx_cryp.o(i.CRYP_Init) for CRYP_Init
    stm32f4xx_cryp_aes.o(i.CRYP_AES_CBC) refers to stm32f4xx_cryp.o(i.CRYP_KeyInit) for CRYP_KeyInit
    stm32f4xx_cryp_aes.o(i.CRYP_AES_CBC) refers to stm32f4xx_cryp.o(i.CRYP_Cmd) for CRYP_Cmd
    stm32f4xx_cryp_aes.o(i.CRYP_AES_CBC) refers to stm32f4xx_cryp.o(i.CRYP_GetFlagStatus) for CRYP_GetFlagStatus
    stm32f4xx_cryp_aes.o(i.CRYP_AES_CBC) refers to stm32f4xx_cryp.o(i.CRYP_IVInit) for CRYP_IVInit
    stm32f4xx_cryp_aes.o(i.CRYP_AES_CBC) refers to stm32f4xx_cryp.o(i.CRYP_GetCmdStatus) for CRYP_GetCmdStatus
    stm32f4xx_cryp_aes.o(i.CRYP_AES_CBC) refers to stm32f4xx_cryp.o(i.CRYP_DataIn) for CRYP_DataIn
    stm32f4xx_cryp_aes.o(i.CRYP_AES_CBC) refers to stm32f4xx_cryp.o(i.CRYP_DataOut) for CRYP_DataOut
    stm32f4xx_cryp_aes.o(i.CRYP_AES_CCM) refers to stm32f4xx_cryp.o(i.CRYP_KeyStructInit) for CRYP_KeyStructInit
    stm32f4xx_cryp_aes.o(i.CRYP_AES_CCM) refers to stm32f4xx_cryp.o(i.CRYP_FIFOFlush) for CRYP_FIFOFlush
    stm32f4xx_cryp_aes.o(i.CRYP_AES_CCM) refers to stm32f4xx_cryp.o(i.CRYP_KeyInit) for CRYP_KeyInit
    stm32f4xx_cryp_aes.o(i.CRYP_AES_CCM) refers to stm32f4xx_cryp.o(i.CRYP_IVInit) for CRYP_IVInit
    stm32f4xx_cryp_aes.o(i.CRYP_AES_CCM) refers to stm32f4xx_cryp.o(i.CRYP_Init) for CRYP_Init
    stm32f4xx_cryp_aes.o(i.CRYP_AES_CCM) refers to stm32f4xx_cryp.o(i.CRYP_PhaseConfig) for CRYP_PhaseConfig
    stm32f4xx_cryp_aes.o(i.CRYP_AES_CCM) refers to stm32f4xx_cryp.o(i.CRYP_DataIn) for CRYP_DataIn
    stm32f4xx_cryp_aes.o(i.CRYP_AES_CCM) refers to stm32f4xx_cryp.o(i.CRYP_Cmd) for CRYP_Cmd
    stm32f4xx_cryp_aes.o(i.CRYP_AES_CCM) refers to stm32f4xx_cryp.o(i.CRYP_GetCmdStatus) for CRYP_GetCmdStatus
    stm32f4xx_cryp_aes.o(i.CRYP_AES_CCM) refers to stm32f4xx_cryp.o(i.CRYP_GetFlagStatus) for CRYP_GetFlagStatus
    stm32f4xx_cryp_aes.o(i.CRYP_AES_CCM) refers to stm32f4xx_cryp.o(i.CRYP_DataOut) for CRYP_DataOut
    stm32f4xx_cryp_aes.o(i.CRYP_AES_CTR) refers to stm32f4xx_cryp.o(i.CRYP_KeyStructInit) for CRYP_KeyStructInit
    stm32f4xx_cryp_aes.o(i.CRYP_AES_CTR) refers to stm32f4xx_cryp.o(i.CRYP_KeyInit) for CRYP_KeyInit
[...]
    __cpp_initialize__aeabi_                  - Undefined Weak Reference
    __cxa_finalize                            - Undefined Weak Reference
    __sigvec_lookup                           - Undefined Weak Reference
    _atexit_init                              - Undefined Weak Reference
    _call_atexit_fns                          - Undefined Weak Reference
    _clock_init                               - Undefined Weak Reference
    _fp_trap_init                             - Undefined Weak Reference
    _fp_trap_shutdown                         - Undefined Weak Reference
    _get_lc_collate                           - Undefined Weak Reference
    _get_lc_ctype                             - Undefined Weak Reference
    _get_lc_monetary                          - Undefined Weak Reference
    _get_lc_time                              - Undefined Weak Reference
    _getenv_init                              - Undefined Weak Reference
    _handle_redirection                       - Undefined Weak Reference
    _init_alloc                               - Undefined Weak Reference
    _init_user_alloc                          - Undefined Weak Reference
    _initio                                   - Undefined Weak Reference
    _mutex_acquire                            - Undefined Weak Reference
    _mutex_release                            - Undefined Weak Reference
    _printf_post_padding                      - Undefined Weak Reference
    _printf_pre_padding                       - Undefined Weak Reference
    _rand_init                                - Undefined Weak Reference
    _signal_finish                            - Undefined Weak Reference
    _signal_init                              - Undefined Weak Reference
    _terminate_alloc                          - Undefined Weak Reference
    _terminate_user_alloc                     - Undefined Weak Reference
    _terminateio                              - Undefined Weak Reference
    __Vectors_Size                           0x00000188   Number         0  startup_stm32f40_41xxx.o ABSOLUTE
    __Vectors                                0x08000000   Data           4  startup_stm32f40_41xxx.o(RESET)
    __Vectors_End                            0x08000188   Data           0  startup_stm32f40_41xxx.o(RESET)
    __main                                   0x08000189   Thumb Code     8  __main.o(!!!main)
    __scatterload                            0x08000191   Thumb Code     0  __scatter.o(!!!scatter)
    __scatterload_rt2                        0x08000191   Thumb Code    44  __scatter.o(!!!scatter)
    __scatterload_rt2_thumb_only             0x08000191   Thumb Code     0  __scatter.o(!!!scatter)
    __scatterload_null                       0x0800019f   Thumb Code     0  __scatter.o(!!!scatter)
    __scatterload_copy                       0x080001c5   Thumb Code    26  __scatter_copy.o(!!handler_copy)
    __scatterload_zeroinit                   0x080001e1   Thumb Code    28  __scatter_zi.o(!!handler_zi)
    _printf_f                                0x080001fd   Thumb Code     0  _printf_f.o(.ARM.Collect$$_printf_percent$$00000003)
    _printf_percent                          0x080001fd   Thumb Code     0  _printf_percent.o(.ARM.Collect$$_printf_percent$$00000000)
    _printf_percent_end                      0x08000203   Thumb Code     0  _printf_percent_end.o(.ARM.Collect$$_printf_percent$$00000017)
    __rt_lib_init                            0x08000207   Thumb Code     0  libinit.o(.ARM.Collect$$libinit$$00000000)
    __rt_lib_init_fp_1                       0x08000209   Thumb Code     0  libinit2.o(.ARM.Collect$$libinit$$00000001)
    __rt_lib_init_heap_1                     0x0800020d   Thumb Code     0  libinit2.o(.ARM.Collect$$libinit$$0000000A)
    __rt_lib_init_lc_common                  0x0800020d   Thumb Code     0  libinit2.o(.ARM.Collect$$libinit$$0000000F)
    __rt_lib_init_preinit_1                  0x0800020d   Thumb Code     0  libinit2.o(.ARM.Collect$$libinit$$00000004)
    __rt_lib_init_rand_1                     0x0800020d   Thumb Code     0  libinit2.o(.ARM.Collect$$libinit$$0000000E)
    __rt_lib_init_user_alloc_1               0x0800020d   Thumb Code     0  libinit2.o(.ARM.Collect$$libinit$$0000000C)
    __rt_lib_init_lc_collate_1               0x08000213   Thumb Code     0  libinit2.o(.ARM.Collect$$libinit$$00000011)
    __rt_lib_init_lc_ctype_1                 0x08000213   Thumb Code     0  libinit2.o(.ARM.Collect$$libinit$$00000013)
    __rt_lib_init_lc_monetary_1              0x08000213   Thumb Code     0  libinit2.o(.ARM.Collect$$libinit$$00000015)
    __rt_lib_init_lc_numeric_2               0x08000213   Thumb Code     0  libinit2.o(.ARM.Collect$$libinit$$00000016)
    __rt_lib_init_alloca_1                   0x0800021d   Thumb Code     0  libinit2.o(.ARM.Collect$$libinit$$0000002E)
    __rt_lib_init_argv_1                     0x0800021d   Thumb Code     0  libinit2.o(.ARM.Collect$$libinit$$0000002C)
    __rt_lib_init_atexit_1                   0x0800021d   Thumb Code     0  libinit2.o(.ARM.Collect$$libinit$$0000001B)
    __rt_lib_init_clock_1                    0x0800021d   Thumb Code     0  libinit2.o(.ARM.Collect$$libinit$$00000021)
    __rt_lib_init_cpp_1                      0x0800021d   Thumb Code     0  libinit2.o(.ARM.Collect$$libinit$$00000032)
    __rt_lib_init_exceptions_1               0x0800021d   Thumb Code     0  libinit2.o(.ARM.Collect$$libinit$$00000030)
    __rt_lib_init_fp_trap_1                  0x0800021d   Thumb Code     0  libinit2.o(.ARM.Collect$$libinit$$0000001F)
    __rt_lib_init_getenv_1                   0x0800021d   Thumb Code     0  libinit2.o(.ARM.Collect$$libinit$$00000023)
    __rt_lib_init_lc_numeric_1               0x0800021d   Thumb Code     0  libinit2.o(.ARM.Collect$$libinit$$00000017)
    __rt_lib_init_lc_time_1                  0x0800021d   Thumb Code     0  libinit2.o(.ARM.Collect$$libinit$$00000019)
    __rt_lib_init_return                     0x0800021d   Thumb Code     0  libinit2.o(.ARM.Collect$$libinit$$00000033)
    __rt_lib_init_signal_1                   0x0800021d   Thumb Code     0  libinit2.o(.ARM.Collect$$libinit$$0000001D)
    __rt_lib_init_stdio_1                    0x0800021d   Thumb Code     0  libinit2.o(.ARM.Collect$$libinit$$00000025)
    __rt_lib_shutdown                        0x0800021f   Thumb Code     0  libshutdown.o(.ARM.Collect$$libshutdown$$00000000)
    __rt_lib_shutdown_cpp_1                  0x08000221   Thumb Code     0  libshutdown2.o(.ARM.Collect$$libshutdown$$00000002)
    __rt_lib_shutdown_fp_trap_1              0x08000221   Thumb Code     0  libshutdown2.o(.ARM.Collect$$libshutdown$$00000007)
    __rt_lib_shutdown_heap_1                 0x08000221   Thumb Code     0  libshutdown2.o(.ARM.Collect$$libshutdown$$0000000F)
    __rt_lib_shutdown_return                 0x08000221   Thumb Code     0  libshutdown2.o(.ARM.Collect$$libshutdown$$00000010)
    __rt_lib_shutdown_signal_1               0x08000221   Thumb Code     0  libshutdown2.o(.ARM.Collect$$libshutdown$$0000000A)
    __rt_lib_shutdown_stdio_1                0x08000221   Thumb Code     0  libshutdown2.o(.ARM.Collect$$libshutdown$$00000004)
    __rt_lib_shutdown_user_alloc_1           0x08000221   Thumb Code     0  libshutdown2.o(.ARM.Collect$$libshutdown$$0000000C)
    __rt_entry                               0x08000223   Thumb Code     0  __rtentry.o(.ARM.Collect$$rtentry$$00000000)
    __rt_entry_presh_1                       0x08000223   Thumb Code     0  __rtentry2.o(.ARM.Collect$$rtentry$$00000002)
    __rt_entry_sh                            0x08000223   Thumb Code     0  __rtentry4.o(.ARM.Collect$$rtentry$$00000004)
    __rt_entry_li                            0x08000229   Thumb Code     0  __rtentry2.o(.ARM.Collect$$rtentry$$0000000A)
    __rt_entry_postsh_1                      0x08000229   Thumb Code     0  __rtentry2.o(.ARM.Collect$$rtentry$$00000009)
    __rt_entry_main                          0x0800022d   Thumb Code     0  __rtentry2.o(.ARM.Collect$$rtentry$$0000000D)
    __rt_entry_postli_1                      0x0800022d   Thumb Code     0  __rtentry2.o(.ARM.Collect$$rtentry$$0000000C)
    __rt_exit                                0x08000235   Thumb Code     0  rtexit.o(.ARM.Collect$$rtexit$$00000000)
    __rt_exit_ls                             0x08000237   Thumb Code     0  rtexit2.o(.ARM.Collect$$rtexit$$00000003)
    __rt_exit_prels_1                        0x08000237   Thumb Code     0  rtexit2.o(.ARM.Collect$$rtexit$$00000002)
    __rt_exit_exit                           0x0800023b   Thumb Code     0  rtexit2.o(.ARM.Collect$$rtexit$$00000004)
    Reset_Handler                            0x08000241   Thumb Code     8  startup_stm32f40_41xxx.o(.text)
    ADC_IRQHandler                           0x0800025b   Thumb Code     0  startup_stm32f40_41xxx.o(.text)
    CAN1_RX0_IRQHandler                      0x0800025b   Thumb Code     0  startup_stm32f40_41xxx.o(.text)
    CAN1_RX1_IRQHandler                      0x0800025b   Thumb Code     0  startup_stm32f40_41xxx.o(.text)
    CAN1_SCE_IRQHandler                      0x0800025b   Thumb Code     0  startup_stm32f40_41xxx.o(.text)
    CAN1_TX_IRQHandler                       0x0800025b   Thumb Code     0  startup_stm32f40_41xxx.o(.text)
    CAN2_RX0_IRQHandler                      0x0800025b   Thumb Code     0  startup_stm32f40_41xxx.o(.text)
    CAN2_RX1_IRQHandler                      0x0800025b   Thumb Code     0  startup_stm32f40_41xxx.o(.text)
    CAN2_SCE_IRQHandler                      0x0800025b   Thumb Code     0  startup_stm32f40_41xxx.o(.text)
    CAN2_TX_IRQHandler                       0x0800025b   Thumb Code     0  startup_stm32f40_41xxx.o(.text)
    CRYP_IRQHandler                          0x0800025b   Thumb Code     0  startup_stm32f40_41xxx.o(.text)
    DCMI_IRQHandler                          0x0800025b   Thumb Code     0  startup_stm32f40_41xxx.o(.text)
    DMA1_Stream0_IRQHandler                  0x0800025b   Thumb Code     0  startup_stm32f40_41xxx.o(.text)
    DMA1_Stream1_IRQHandler                  0x0800025b   Thumb Code     0  startup_stm32f40_41xxx.o(.text)
    DMA1_Stream2_IRQHandler                  0x0800025b   Thumb Code     0  startup_stm32f40_41xxx.o(.text)
    DMA1_Stream3_IRQHandler                  0x0800025b   Thumb Code     0  startup_stm32f40_41xxx.o(.text)
    DMA1_Stream4_IRQHandler                  0x0800025b   Thumb Code     0  startup_stm32f40_41xxx.o(.text)
    DMA1_Stream5_IRQHandler                  0x0800025b   Thumb Code     0  startup_stm32f40_41xxx.o(.text)
    DMA1_Stream6_IRQHandler                  0x0800025b   Thumb Code     0  startup_stm32f40_41xxx.o(.text)
    DMA1_Stream7_IRQHandler                  0x0800025b   Thumb Code     0  startup_stm32f40_41xxx.o(.text)
    DMA2_Stream0_IRQHandler                  0x0800025b   Thumb Code     0  startup_stm32f40_41xxx.o(.text)
    DMA2_Stream1_IRQHandler                  0x0800025b   Thumb Code     0  startup_stm32f40_41xxx.o(.text)
    DMA2_Stream2_IRQHandler                  0x0800025b   Thumb Code     0  startup_stm32f40_41xxx.o(.text)
    DMA2_Stream3_IRQHandler                  0x0800025b   Thumb Code     0  startup_stm32f40_41xxx.o(.text)
    DMA2_Stream4_IRQHandler                  0x0800025b   Thumb Code     0  startup_stm32f40_41xxx.o(.text)
    DMA2_Stream5_IRQHandler                  0x0800025b   Thumb Code     0  startup_stm32f40_41xxx.o(.text)
    DMA2_Stream6_IRQHandler                  0x0800025b   Thumb Code     0  startup_stm32f40_41xxx.o(.text)
    DMA2_Stream7_IRQHandler                  0x0800025b   Thumb Code     0  startup_stm32f40_41xxx.o(.text)
    ETH_IRQHandler                           0x0800025b   Thumb Code     0  startup_stm32f40_41xxx.o(.text)
    ETH_WKUP_IRQHandler                      0x0800025b   Thumb Code     0  startup_stm32f40_41xxx.o(.text)
    EXTI0_IRQHandler                         0x0800025b   Thumb Code     0  startup_stm32f40_41xxx.o(.text)
    EXTI15_10_IRQHandler                     0x0800025b   Thumb Code     0  startup_stm32f40_41xxx.o(.text)
    EXTI1_IRQHandler                         0x0800025b   Thumb Code     0  startup_stm32f40_41xxx.o(.text)
    EXTI2_IRQHandler                         0x0800025b   Thumb Code     0  startup_stm32f40_41xxx.o(.text)
    EXTI3_IRQHandler                         0x0800025b   Thumb Code     0  startup_stm32f40_41xxx.o(.text)
    EXTI4_IRQHandler                         0x0800025b   Thumb Code     0  startup_stm32f40_41xxx.o(.text)
    EXTI9_5_IRQHandler                       0x0800025b   Thumb Code     0  startup_stm32f40_41xxx.o(.text)
    FLASH_IRQHandler                         0x0800025b   Thumb Code     0  startup_stm32f40_41xxx.o(.text)
    FPU_IRQHandler                           0x0800025b   Thumb Code     0  startup_stm32f40_41xxx.o(.text)
    FSMC_IRQHandler                          0x0800025b   Thumb Code     0  startup_stm32f40_41xxx.o(.text)
    HASH_RNG_IRQHandler                      0x0800025b   Thumb Code     0  startup_stm32f40_41xxx.o(.text)
    I2C1_ER_IRQHandler                       0x0800025b   Thumb Code     0  startup_stm32f40_41xxx.o(.text)
    I2C1_EV_IRQHandler                       0x0800025b   Thumb Code     0  startup_stm32f40_41xxx.o(.text)
    I2C2_ER_IRQHandler                       0x0800025b   Thumb Code     0  startup_stm32f40_41xxx.o(.text)
    I2C2_EV_IRQHandler                       0x0800025b   Thumb Code     0  startup_stm32f40_41xxx.o(.text)
    I2C3_ER_IRQHandler                       0x0800025b   Thumb Code     0  startup_stm32f40_41xxx.o(.text)
    I2C3_EV_IRQHandler                       0x0800025b   Thumb Code     0  startup_stm32f40_41xxx.o(.text)
    OTG_FS_IRQHandler                        0x0800025b   Thumb Code     0  startup_stm32f40_41xxx.o(.text)
    OTG_FS_WKUP_IRQHandler                   0x0800025b   Thumb Code     0  startup_stm32f40_41xxx.o(.text)
    OTG_HS_EP1_IN_IRQHandler                 0x0800025b   Thumb Code     0  startup_stm32f40_41xxx.o(.text)
    OTG_HS_EP1_OUT_IRQHandler                0x0800025b   Thumb Code     0  startup_stm32f40_41xxx.o(.text)
    OTG_HS_IRQHandler                        0x0800025b   Thumb Code     0  startup_stm32f40_41xxx.o(.text)
    OTG_HS_WKUP_IRQHandler                   0x0800025b   Thumb Code     0  startup_stm32f40_41xxx.o(.text)
    PVD_IRQHandler                           0x0800025b   Thumb Code     0  startup_stm32f40_41xxx.o(.text)
    RCC_IRQHandler                           0x0800025b   Thumb Code     0  startup_stm32f40_41xxx.o(.text)
    RTC_Alarm_IRQHandler                     0x0800025b   Thumb Code     0  startup_stm32f40_41xxx.o(.text)
    RTC_WKUP_IRQHandler                      0x0800025b   Thumb Code     0  startup_stm32f40_41xxx.o(.text)
    SDIO_IRQHandler                          0x0800025b   Thumb Code     0  startup_stm32f40_41xxx.o(.text)
    SPI1_IRQHandler                          0x0800025b   Thumb Code     0  startup_stm32f40_41xxx.o(.text)
    SPI2_IRQHandler                          0x0800025b   Thumb Code     0  startup_stm32f40_41xxx.o(.text)
    SPI3_IRQHandler                          0x0800025b   Thumb Code     0  startup_stm32f40_41xxx.o(.text)
    TAMP_STAMP_IRQHandler                    0x0800025b   Thumb Code     0  startup_stm32f40_41xxx.o(.text)
    TIM1_BRK_TIM9_IRQHandler                 0x0800025b   Thumb Code     0  startup_stm32f40_41xxx.o(.text)
    TIM1_CC_IRQHandler                       0x0800025b   Thumb Code     0  startup_stm32f40_41xxx.o(.text)
    TIM1_TRG_COM_TIM11_IRQHandler            0x0800025b   Thumb Code     0  startup_stm32f40_41xxx.o(.text)
    TIM1_UP_TIM10_IRQHandler                 0x0800025b   Thumb Code     0  startup_stm32f40_41xxx.o(.text)
    TIM2_IRQHandler                          0x0800025b   Thumb Code     0  startup_stm32f40_41xxx.o(.text)
    TIM3_IRQHandler                          0x0800025b   Thumb Code     0  startup_stm32f40_41xxx.o(.text)
    TIM4_IRQHandler                          0x0800025b   Thumb Code     0  startup_stm32f40_41xxx.o(.text)
    TIM5_IRQHandler                          0x0800025b   Thumb Code     0  startup_stm32f40_41xxx.o(.text)
    TIM6_DAC_IRQHandler                      0x0800025b   Thumb Code     0  startup_stm32f40_41xxx.o(.text)
    TIM7_IRQHandler                          0x0800025b   Thumb Code     0  startup_stm32f40_41xxx.o(.text)
    TIM8_BRK_TIM12_IRQHandler                0x0800025b   Thumb Code     0  startup_stm32f40_41xxx.o(.text)
    TIM8_CC_IRQHandler                       0x0800025b   Thumb Code     0  startup_stm32f40_41xxx.o(.text)
    TIM8_TRG_COM_TIM14_IRQHandler            0x0800025b   Thumb Code     0  startup_stm32f40_41xxx.o(.text)
    TIM8_UP_TIM13_IRQHandler                 0x0800025b   Thumb Code     0  startup_stm32f40_41xxx.o(.text)
    UART4_IRQHandler                         0x0800025b   Thumb Code     0  startup_stm32f40_41xxx.o(.text)
    UART5_IRQHandler                         0x0800025b   Thumb Code     0  startup_stm32f40_41xxx.o(.text)
    USART2_IRQHandler                        0x0800025b   Thumb Code     0  startup_stm32f40_41xxx.o(.text)
    USART3_IRQHandler                        0x0800025b   Thumb Code     0  startup_stm32f40_41xxx.o(.text)
    USART6_IRQHandler                        0x0800025b   Thumb Code     0  startup_stm32f40_41xxx.o(.text)
    WWDG_IRQHandler                          0x0800025b   Thumb Code     0  startup_stm32f40_41xxx.o(.text)
    __user_initial_stackheap                 0x0800025d   Thumb Code     0  startup_stm32f40_41xxx.o(.text)
    CPU_IntDis                               0x08000281   Thumb Code     0  cpu_a.o(.text)
    CPU_IntEn                                0x08000285   Thumb Code     0  cpu_a.o(.text)
    CPU_SR_Save                              0x08000289   Thumb Code     0  cpu_a.o(.text)
    CPU_SR_Restore                           0x08000291   Thumb Code     0  cpu_a.o(.text)
    CPU_WaitForInt                           0x08000297   Thumb Code     0  cpu_a.o(.text)
    CPU_WaitForExcept                        0x0800029b   Thumb Code     0  cpu_a.o(.text)
    CPU_CntLeadZeros                         0x0800029f   Thumb Code     0  cpu_a.o(.text)
    CPU_CntTrailZeros                        0x080002a5   Thumb Code     0  cpu_a.o(.text)
    CPU_RevBits                              0x080002af   Thumb Code     0  cpu_a.o(.text)
    __use_no_semihosting                     0x080002b5   Thumb Code     2  use_no_semi_2.o(.text)
    __2printf                                0x080002b9   Thumb Code    20  noretval__2printf.o(.text)
    __printf                                 0x080002d1   Thumb Code   270  __printf_wp.o(.text)
    __use_two_region_memory                  0x080003df   Thumb Code     2  heapauxi.o(.text)
    __rt_heap_escrow$2region                 0x080003e1   Thumb Code     2  heapauxi.o(.text)
    __rt_heap_expand$2region                 0x080003e3   Thumb Code     2  heapauxi.o(.text)
    __I$use$semihosting                      0x080003e5   Thumb Code     0  use_no_semi.o(.text)
    __use_no_semihosting_swi                 0x080003e5   Thumb Code     2  use_no_semi.o(.text)
    __lib_sel_fp_printf                      0x080003e7   Thumb Code     2  _printf_fp_dec.o(.text)
    _printf_fp_dec_real                      0x08000599   Thumb Code   620  _printf_fp_dec.o(.text)
    _printf_char_file                        0x08000805   Thumb Code    32  _printf_char_file.o(.text)
    __rt_locale                              0x08000829   Thumb Code     8  rt_locale_intlibspace.o(.text)
    _ll_udiv10                               0x08000831   Thumb Code   138  lludiv10.o(.text)
    _printf_char_common                      0x080008c7   Thumb Code    32  _printf_char_common.o(.text)
    _printf_fp_infnan                        0x080008ed   Thumb Code   112  _printf_fp_infnan.o(.text)
    _btod_etento                             0x0800096d   Thumb Code   224  bigflt0.o(.text)
    ferror                                   0x08000a51   Thumb Code     8  ferror.o(.text)
    __user_libspace                          0x08000a59   Thumb Code     8  libspace.o(.text)
    __user_perproc_libspace                  0x08000a59   Thumb Code     0  libspace.o(.text)
    __user_perthread_libspace                0x08000a59   Thumb Code     0  libspace.o(.text)
    __user_setup_stackheap                   0x08000a61   Thumb Code    74  sys_stackheap_outer.o(.text)
    exit                                     0x08000aab   Thumb Code    18  exit.o(.text)
    strcmp                                   0x08000abd   Thumb Code   128  strcmpv7m.o(.text)
    _btod_d2e                                0x08000b3d   Thumb Code    62  btod.o(CL$$btod_d2e)
    _d2e_denorm_low                          0x08000b7b   Thumb Code    70  btod.o(CL$$btod_d2e_denorm_low)
    _d2e_norm_op1                            0x08000bc1   Thumb Code    96  btod.o(CL$$btod_d2e_norm_op1)
    __btod_div_common                        0x08000c21   Thumb Code   696  btod.o(CL$$btod_div_common)
    _e2e                                     0x08000f59   Thumb Code   220  btod.o(CL$$btod_e2e)
    _btod_ediv                               0x08001035   Thumb Code    42  btod.o(CL$$btod_ediv)
    _btod_emul                               0x0800105f   Thumb Code    42  btod.o(CL$$btod_emul)
    __btod_mult_common                       0x08001089   Thumb Code   580  btod.o(CL$$btod_mult_common)
    OSStartHighRdy                           0x080012cd   Thumb Code     0  os_cpu_a.o(CODE)
    OSCtxSw                                  0x080012ef   Thumb Code     0  os_cpu_a.o(CODE)
    OSIntCtxSw                               0x080012f9   Thumb Code     0  os_cpu_a.o(CODE)
    PendSV_Handler                           0x08001303   Thumb Code     0  os_cpu_a.o(CODE)
    BSP_CPU_ClkFreq                          0x08001379   Thumb Code    14  bsp.o(i.BSP_CPU_ClkFreq)
    BusFault_Handler                         0x08001387   Thumb Code     4  stm32f4xx_it.o(i.BusFault_Handler)
    CPU_Init                                 0x0800138b   Thumb Code    12  cpu_core.o(i.CPU_Init)
    CPU_NameClr                              0x08001399   Thumb Code    42  cpu_core.o(i.CPU_NameClr)
    CPU_TS_TmrFreqSet                        0x080013e5   Thumb Code     6  cpu_core.o(i.CPU_TS_TmrFreqSet)
    CPU_TS_TmrInit                           0x080013f1   Thumb Code    44  bsp.o(i.CPU_TS_TmrInit)
    CPU_TS_TmrRd                             0x08001425   Thumb Code     6  bsp.o(i.CPU_TS_TmrRd)
    DebugMon_Handler                         0x08001431   Thumb Code     2  stm32f4xx_it.o(i.DebugMon_Handler)
    GPIO_Init                                0x08001433   Thumb Code   144  stm32f4xx_gpio.o(i.GPIO_Init)
    GPIO_PinAFConfig                         0x080014c3   Thumb Code    70  stm32f4xx_gpio.o(i.GPIO_PinAFConfig)
    GPIO_ResetBits                           0x08001509   Thumb Code     4  stm32f4xx_gpio.o(i.GPIO_ResetBits)
    GPIO_SetBits                             0x0800150d   Thumb Code     4  stm32f4xx_gpio.o(i.GPIO_SetBits)
    HardFault_Handler                        0x08001511   Thumb Code     4  stm32f4xx_it.o(i.HardFault_Handler)
    LED_Init                                 0x08001515   Thumb Code    60  user_led.o(i.LED_Init)
    MemManage_Handler                        0x08001555   Thumb Code     4  stm32f4xx_it.o(i.MemManage_Handler)
    Mem_Clr                                  0x08001559   Thumb Code    18  lib_mem.o(i.Mem_Clr)
    Mem_Set                                  0x0800156b   Thumb Code    84  lib_mem.o(i.Mem_Set)
    NMI_Handler                              0x080015bf   Thumb Code     2  stm32f4xx_it.o(i.NMI_Handler)
    NVIC_Init                                0x080015c1   Thumb Code   106  misc.o(i.NVIC_Init)
    NVIC_PriorityGroupConfig                 0x08001639   Thumb Code    10  misc.o(i.NVIC_PriorityGroupConfig)
    OSCfg_Init                               0x0800164d   Thumb Code    86  os_cfg_app.o(i.OSCfg_Init)
    OSIdleTaskHook                           0x08001749   Thumb Code    16  os_cpu_c.o(i.OSIdleTaskHook)
    OSInit                                   0x0800175d   Thumb Code   300  os_core.o(i.OSInit)
    OSInitHook                               0x080018e9   Thumb Code    28  os_cpu_c.o(i.OSInitHook)
    OSIntEnter                               0x08001911   Thumb Code    34  os_core.o(i.OSIntEnter)
    OSIntExit                                0x0800193d   Thumb Code   188  os_core.o(i.OSIntExit)
    OSSched                                  0x08001a19   Thumb Code   130  os_core.o(i.OSSched)
    OSSchedLock                              0x08001ab9   Thumb Code   104  os_core.o(i.OSSchedLock)
    OSSchedRoundRobinCfg                     0x08001b2d   Thumb Code    88  os_core.o(i.OSSchedRoundRobinCfg)
    OSSchedUnlock                            0x08001b91   Thumb Code   136  os_core.o(i.OSSchedUnlock)
    OSStart                                  0x08001c25   Thumb Code    78  os_core.o(i.OSStart)
    OSStatReset                              0x08001c8d   Thumb Code   270  os_stat.o(i.OSStatReset)
    OSStatTaskCPUUsageInit                   0x08001dc5   Thumb Code   212  os_stat.o(i.OSStatTaskCPUUsageInit)
    OSStatTaskHook                           0x08001eb5   Thumb Code    16  os_cpu_c.o(i.OSStatTaskHook)
    OSTaskCreate                             0x08001ec9   Thumb Code   566  os_task.o(i.OSTaskCreate)
    OSTaskCreateHook                         0x08002125   Thumb Code    20  os_cpu_c.o(i.OSTaskCreateHook)
    OSTaskDel                                0x0800213d   Thumb Code   424  os_task.o(i.OSTaskDel)
    OSTaskDelHook                            0x08002301   Thumb Code    20  os_cpu_c.o(i.OSTaskDelHook)
    OSTaskResume                             0x08002319   Thumb Code   112  os_task.o(i.OSTaskResume)
    OSTaskReturnHook                         0x08002395   Thumb Code    20  os_cpu_c.o(i.OSTaskReturnHook)
    OSTaskSemPend                            0x080023ad   Thumb Code   520  os_task.o(i.OSTaskSemPend)
    OSTaskStkChk                             0x080025c1   Thumb Code   204  os_task.o(i.OSTaskStkChk)
    OSTaskStkInit                            0x08002695   Thumb Code   600  os_cpu_c.o(i.OSTaskStkInit)
    OSTaskSuspend                            0x080028f1   Thumb Code    78  os_task.o(i.OSTaskSuspend)
    OSTaskSwHook                             0x08002951   Thumb Code   120  os_cpu_c.o(i.OSTaskSwHook)
    OSTimeDly                                0x080029d9   Thumb Code   266  os_time.o(i.OSTimeDly)
    OSTimeDlyHMSM                            0x08002af1   Thumb Code   480  os_time.o(i.OSTimeDlyHMSM)
    OSTimeTick                               0x08002ce1   Thumb Code    54  os_time.o(i.OSTimeTick)
    OSTimeTickHook                           0x08002d25   Thumb Code    16  os_cpu_c.o(i.OSTimeTickHook)
    OS_Dbg_Init                              0x08002d39   Thumb Code   146  os_dbg.o(i.OS_Dbg_Init)
    OS_FlagInit                              0x08002ee9   Thumb Code    14  os_flag.o(i.OS_FlagInit)
    OS_FlagPost                              0x08002f01   Thumb Code   552  os_flag.o(i.OS_FlagPost)
    OS_FlagTaskRdy                           0x08003131   Thumb Code    86  os_flag.o(i.OS_FlagTaskRdy)
    OS_IdleTask                              0x08003189   Thumb Code    60  os_core.o(i.OS_IdleTask)
    OS_IdleTaskInit                          0x080031cd   Thumb Code    66  os_core.o(i.OS_IdleTaskInit)
    OS_IntQPost                              0x0800323d   Thumb Code   216  os_int.o(i.OS_IntQPost)
    OS_IntQRePost                            0x08003339   Thumb Code   360  os_int.o(i.OS_IntQRePost)
    OS_IntQTask                              0x080034dd   Thumb Code   162  os_int.o(i.OS_IntQTask)
    OS_IntQTaskInit                          0x08003591   Thumb Code   206  os_int.o(i.OS_IntQTaskInit)
    OS_MemInit                               0x080036b9   Thumb Code    14  os_mem.o(i.OS_MemInit)
    OS_MsgPoolCreate                         0x080036d1   Thumb Code    54  os_msg.o(i.OS_MsgPoolCreate)
    OS_MsgPoolInit                           0x08003709   Thumb Code    70  os_msg.o(i.OS_MsgPoolInit)
    OS_MsgQFreeAll                           0x0800375d   Thumb Code    62  os_msg.o(i.OS_MsgQFreeAll)
    OS_MsgQInit                              0x080037a1   Thumb Code    14  os_msg.o(i.OS_MsgQInit)
    OS_MsgQPut                               0x080037b1   Thumb Code   246  os_msg.o(i.OS_MsgQPut)
    OS_MutexInit                             0x080038ad   Thumb Code    14  os_mutex.o(i.OS_MutexInit)
    OS_Pend                                  0x080038c5   Thumb Code    98  os_core.o(i.OS_Pend)
    OS_PendDataInit                          0x0800392d   Thumb Code    38  os_core.o(i.OS_PendDataInit)
    OS_PendDbgNameAdd                        0x08003955   Thumb Code    66  os_core.o(i.OS_PendDbgNameAdd)
    OS_PendDbgNameRemove                     0x080039b1   Thumb Code    30  os_core.o(i.OS_PendDbgNameRemove)
    OS_PendListInsertPrio                    0x080039d5   Thumb Code   102  os_core.o(i.OS_PendListInsertPrio)
    OS_PendListRemove                        0x08003a3b   Thumb Code    48  os_core.o(i.OS_PendListRemove)
    OS_PendListRemove1                       0x08003a6b   Thumb Code    66  os_core.o(i.OS_PendListRemove1)
    OS_Post                                  0x08003aad   Thumb Code   192  os_core.o(i.OS_Post)
    OS_Post1                                 0x08003b6d   Thumb Code    42  os_core.o(i.OS_Post1)
    OS_PrioGetHighest                        0x08003b99   Thumb Code    36  os_prio.o(i.OS_PrioGetHighest)
    OS_PrioInit                              0x08003bc1   Thumb Code    20  os_prio.o(i.OS_PrioInit)
    OS_PrioInsert                            0x08003bd9   Thumb Code    32  os_prio.o(i.OS_PrioInsert)
    OS_PrioRemove                            0x08003bfd   Thumb Code    32  os_prio.o(i.OS_PrioRemove)
    OS_QInit                                 0x08003c21   Thumb Code    14  os_q.o(i.OS_QInit)
    OS_QPost                                 0x08003c39   Thumb Code   324  os_q.o(i.OS_QPost)
    OS_RdyListInit                           0x08003d85   Thumb Code    32  os_core.o(i.OS_RdyListInit)
    OS_RdyListInsert                         0x08003da9   Thumb Code    40  os_core.o(i.OS_RdyListInsert)
    OS_RdyListInsertHead                     0x08003dd5   Thumb Code    58  os_core.o(i.OS_RdyListInsertHead)
    OS_RdyListInsertTail                     0x08003e15   Thumb Code    56  os_core.o(i.OS_RdyListInsertTail)
    OS_RdyListMoveHeadToTail                 0x08003e51   Thumb Code    68  os_core.o(i.OS_RdyListMoveHeadToTail)
    OS_RdyListRemove                         0x08003e95   Thumb Code    86  os_core.o(i.OS_RdyListRemove)
    OS_Sched0                                0x08003ef1   Thumb Code    68  os_core.o(i.OS_Sched0)
    OS_SchedLockTimeMeasStart                0x08003f45   Thumb Code    20  os_core.o(i.OS_SchedLockTimeMeasStart)
    OS_SchedLockTimeMeasStop                 0x08003f61   Thumb Code    44  os_core.o(i.OS_SchedLockTimeMeasStop)
    OS_SchedRoundRobin                       0x08003f9d   Thumb Code   190  os_core.o(i.OS_SchedRoundRobin)
    OS_SemInit                               0x0800406d   Thumb Code    14  os_sem.o(i.OS_SemInit)
    OS_SemPost                               0x08004085   Thumb Code   350  os_sem.o(i.OS_SemPost)
    OS_StatTask                              0x080041e9   Thumb Code   790  os_stat.o(i.OS_StatTask)
    OS_StatTaskInit                          0x08004545   Thumb Code   136  os_stat.o(i.OS_StatTaskInit)
    OS_TaskBlock                             0x08004611   Thumb Code    56  os_core.o(i.OS_TaskBlock)
    OS_TaskDbgListAdd                        0x08004649   Thumb Code    42  os_task.o(i.OS_TaskDbgListAdd)
    OS_TaskDbgListRemove                     0x08004679   Thumb Code    64  os_task.o(i.OS_TaskDbgListRemove)
    OS_TaskInit                              0x080046bd   Thumb Code    18  os_task.o(i.OS_TaskInit)
    OS_TaskInitTCB                           0x080046dd   Thumb Code   186  os_task.o(i.OS_TaskInitTCB)
    OS_TaskQPost                             0x080047a5   Thumb Code   510  os_task.o(i.OS_TaskQPost)
    OS_TaskRdy                               0x080049b1   Thumb Code    28  os_core.o(i.OS_TaskRdy)
    OS_TaskResume                            0x080049cd   Thumb Code   314  os_task.o(i.OS_TaskResume)
    OS_TaskReturn                            0x08004b0d   Thumb Code    20  os_task.o(i.OS_TaskReturn)
    OS_TaskSemPost                           0x08004b25   Thumb Code  1210  os_task.o(i.OS_TaskSemPost)
    OS_TaskSuspend                           0x08004fe9   Thumb Code   328  os_task.o(i.OS_TaskSuspend)
    OS_TickListInit                          0x08005139   Thumb Code    32  os_tick.o(i.OS_TickListInit)
    OS_TickListInsert                        0x08005161   Thumb Code   430  os_tick.o(i.OS_TickListInsert)
    OS_TickListRemove                        0x0800531d   Thumb Code    56  os_tick.o(i.OS_TickListRemove)
    OS_TickListResetPeak                     0x08005355   Thumb Code    28  os_tick.o(i.OS_TickListResetPeak)
    OS_TickListUpdate                        0x08005379   Thumb Code   480  os_tick.o(i.OS_TickListUpdate)
    OS_TickTask                              0x08005571   Thumb Code    38  os_tick.o(i.OS_TickTask)
    OS_TickTaskInit                          0x0800559d   Thumb Code   128  os_tick.o(i.OS_TickTaskInit)
    OS_TmrInit                               0x08005655   Thumb Code   206  os_tmr.o(i.OS_TmrInit)
    OS_TmrLink                               0x0800577d   Thumb Code   196  os_tmr.o(i.OS_TmrLink)
    OS_TmrResetPeak                          0x0800584d   Thumb Code    28  os_tmr.o(i.OS_TmrResetPeak)
    OS_TmrTask                               0x08005871   Thumb Code   176  os_tmr.o(i.OS_TmrTask)
    OS_TmrUnlink                             0x08005931   Thumb Code    72  os_tmr.o(i.OS_TmrUnlink)
    RCC_AHB1PeriphClockCmd                   0x08005981   Thumb Code    26  stm32f4xx_rcc.o(i.RCC_AHB1PeriphClockCmd)
    RCC_APB2PeriphClockCmd                   0x080059a1   Thumb Code    26  stm32f4xx_rcc.o(i.RCC_APB2PeriphClockCmd)
    RCC_GetClocksFreq                        0x080059c1   Thumb Code   214  stm32f4xx_rcc.o(i.RCC_GetClocksFreq)
    SVC_Handler                              0x08005aa9   Thumb Code     2  stm32f4xx_it.o(i.SVC_Handler)
    SysTick_CLKSourceConfig                  0x08005b99   Thumb Code    40  misc.o(i.SysTick_CLKSourceConfig)
    SysTick_Handler                          0x08005bc1   Thumb Code    24  delay.o(i.SysTick_Handler)
    SystemInit                               0x08005bdd   Thumb Code    88  system_stm32f4xx.o(i.SystemInit)
    USART1_IRQHandler                        0x08005c45   Thumb Code   130  usart.o(i.USART1_IRQHandler)
    USART_ClearFlag                          0x08005cd5   Thumb Code    18  stm32f4xx_usart.o(i.USART_ClearFlag)
    USART_Cmd                                0x08005ce7   Thumb Code    24  stm32f4xx_usart.o(i.USART_Cmd)
    USART_GetITStatus                        0x08005cff   Thumb Code    84  stm32f4xx_usart.o(i.USART_GetITStatus)
    USART_ITConfig                           0x08005d53   Thumb Code    74  stm32f4xx_usart.o(i.USART_ITConfig)
    USART_Init                               0x08005d9d   Thumb Code   204  stm32f4xx_usart.o(i.USART_Init)
    USART_ReceiveData                        0x08005e71   Thumb Code    10  stm32f4xx_usart.o(i.USART_ReceiveData)
    UsageFault_Handler                       0x08005e7b   Thumb Code     4  stm32f4xx_it.o(i.UsageFault_Handler)
    __ARM_fpclassify                         0x08005e7f   Thumb Code    48  fpclassify.o(i.__ARM_fpclassify)
    _is_digit                                0x08005eaf   Thumb Code    14  __printf_wp.o(i._is_digit)
    _sys_exit                                0x08005ebd   Thumb Code     4  usart.o(i._sys_exit)
    delay_init                               0x08005ec1   Thumb Code    94  delay.o(i.delay_init)
    delay_ms                                 0x08005f31   Thumb Code    66  delay.o(i.delay_ms)
    delay_osschedlock                        0x08005f81   Thumb Code    10  delay.o(i.delay_osschedlock)
    delay_osschedunlock                      0x08005f8b   Thumb Code    10  delay.o(i.delay_osschedunlock)
    delay_ostimedly                          0x08005f95   Thumb Code    16  delay.o(i.delay_ostimedly)
    delay_us                                 0x08005fa5   Thumb Code    84  delay.o(i.delay_us)
    float_task                               0x08005ffd   Thumb Code   190  main.o(i.float_task)
    fputc                                    0x080060e5   Thumb Code    22  usart.o(i.fputc)
    led0_task                                0x08006101   Thumb Code    64  main.o(i.led0_task)
    led1_task                                0x08006145   Thumb Code    64  main.o(i.led1_task)
    main                                     0x08006189   Thumb Code   226  main.o(i.main)
    start_task                               0x0800628d   Thumb Code   312  main.o(i.start_task)
    uart_init                                0x0800641d   Thumb Code   172  usart.o(i.uart_init)
    _get_lc_numeric                          0x080064d1   Thumb Code    44  lc_numeric_c.o(locale$$code)
    __fpl_dretinf                            0x080064fd   Thumb Code    12  dretinf.o(x$fpl$dretinf)
    __aeabi_f2d                              0x08006509   Thumb Code     0  f2d.o(x$fpl$f2d)
    _f2d                                     0x08006509   Thumb Code    86  f2d.o(x$fpl$f2d)
    __fpl_fnaninf                            0x0800655f   Thumb Code   140  fnaninf.o(x$fpl$fnaninf)
    _fp_init                                 0x080065eb   Thumb Code    10  fpinit.o(x$fpl$fpinit)
    __fplib_config_fpu_vfp                   0x080065f3   Thumb Code     0  fpinit.o(x$fpl$fpinit)
    __fplib_config_pureend_doubles           0x080065f3   Thumb Code     0  fpinit.o(x$fpl$fpinit)
    _printf_fp_dec                           0x080065f5   Thumb Code     4  printf1.o(x$fpl$printf1)
    OSCfg_IdleTaskStkBasePtr                 0x080065f8   Data           4  os_cfg_app.o(.constdata)
    __I$use$fp                               0x080065f8   Number         0  usenofp.o(x$fpl$usenofp)
    OSCfg_IdleTaskStkLimit                   0x080065fc   Data           4  os_cfg_app.o(.constdata)
    OSCfg_IdleTaskStkSize                    0x08006600   Data           4  os_cfg_app.o(.constdata)
    OSCfg_IdleTaskStkSizeRAM                 0x08006604   Data           4  os_cfg_app.o(.constdata)
    OSCfg_IntQBasePtr                        0x08006608   Data           4  os_cfg_app.o(.constdata)
    OSCfg_IntQSize                           0x0800660c   Data           2  os_cfg_app.o(.constdata)
    OSCfg_IntQSizeRAM                        0x08006610   Data           4  os_cfg_app.o(.constdata)
    OSCfg_IntQTaskStkBasePtr                 0x08006614   Data           4  os_cfg_app.o(.constdata)
    OSCfg_IntQTaskStkLimit                   0x08006618   Data           4  os_cfg_app.o(.constdata)
    OSCfg_IntQTaskStkSize                    0x0800661c   Data           4  os_cfg_app.o(.constdata)
    OSCfg_IntQTaskStkSizeRAM                 0x08006620   Data           4  os_cfg_app.o(.constdata)
    OSCfg_ISRStkBasePtr                      0x08006624   Data           4  os_cfg_app.o(.constdata)
    OSCfg_ISRStkSize                         0x08006628   Data           4  os_cfg_app.o(.constdata)
    OSCfg_ISRStkSizeRAM                      0x0800662c   Data           4  os_cfg_app.o(.constdata)
    OSCfg_MsgPoolSize                        0x08006630   Data           2  os_cfg_app.o(.constdata)
    OSCfg_MsgPoolSizeRAM                     0x08006634   Data           4  os_cfg_app.o(.constdata)
    OSCfg_MsgPoolBasePtr                     0x08006638   Data           4  os_cfg_app.o(.constdata)
    OSCfg_StatTaskPrio                       0x0800663c   Data           1  os_cfg_app.o(.constdata)
    OSCfg_StatTaskRate_Hz                    0x08006640   Data           4  os_cfg_app.o(.constdata)
    OSCfg_StatTaskStkBasePtr                 0x08006644   Data           4  os_cfg_app.o(.constdata)
    OSCfg_StatTaskStkLimit                   0x08006648   Data           4  os_cfg_app.o(.constdata)
    OSCfg_StatTaskStkSize                    0x0800664c   Data           4  os_cfg_app.o(.constdata)
    OSCfg_StatTaskStkSizeRAM                 0x08006650   Data           4  os_cfg_app.o(.constdata)
    OSCfg_StkSizeMin                         0x08006654   Data           4  os_cfg_app.o(.constdata)
    OSCfg_TickRate_Hz                        0x08006658   Data           4  os_cfg_app.o(.constdata)
    OSCfg_TickTaskPrio                       0x0800665c   Data           1  os_cfg_app.o(.constdata)
    OSCfg_TickTaskStkBasePtr                 0x08006660   Data           4  os_cfg_app.o(.constdata)
    OSCfg_TickTaskStkLimit                   0x08006664   Data           4  os_cfg_app.o(.constdata)
    OSCfg_TickTaskStkSize                    0x08006668   Data           4  os_cfg_app.o(.constdata)
    OSCfg_TickTaskStkSizeRAM                 0x0800666c   Data           4  os_cfg_app.o(.constdata)
    OSCfg_TickWheelSize                      0x08006670   Data           2  os_cfg_app.o(.constdata)
    OSCfg_TickWheelSizeRAM                   0x08006674   Data           4  os_cfg_app.o(.constdata)
    OSCfg_TmrTaskPrio                        0x08006678   Data           1  os_cfg_app.o(.constdata)
    OSCfg_TmrTaskRate_Hz                     0x0800667c   Data           4  os_cfg_app.o(.constdata)
    OSCfg_TmrTaskStkBasePtr                  0x08006680   Data           4  os_cfg_app.o(.constdata)
    OSCfg_TmrTaskStkLimit                    0x08006684   Data           4  os_cfg_app.o(.constdata)
    OSCfg_TmrTaskStkSize                     0x08006688   Data           4  os_cfg_app.o(.constdata)
    OSCfg_TmrTaskStkSizeRAM                  0x0800668c   Data           4  os_cfg_app.o(.constdata)
    OSCfg_TmrWheelSize                       0x08006690   Data           2  os_cfg_app.o(.constdata)
    OSCfg_TmrWheelSizeRAM                    0x08006694   Data           4  os_cfg_app.o(.constdata)
    OSCfg_DataSizeRAM                        0x08006698   Data           4  os_cfg_app.o(.constdata)
    OSDbg_DbgEn                              0x0800669c   Data           2  os_dbg.o(.constdata)
    OSDbg_ArgChkEn                           0x0800669e   Data           1  os_dbg.o(.constdata)
    OSDbg_AppHooksEn                         0x0800669f   Data           1  os_dbg.o(.constdata)
    OSDbg_EndiannessTest                     0x080066a0   Data           4  os_dbg.o(.constdata)
    OSDbg_CalledFromISRChkEn                 0x080066a4   Data           1  os_dbg.o(.constdata)
    OSDbg_FlagEn                             0x080066a5   Data           1  os_dbg.o(.constdata)
    OSDbg_FlagGrp                            0x080066a8   Data          40  os_dbg.o(.constdata)
    OSDbg_FlagDelEn                          0x080066d0   Data           1  os_dbg.o(.constdata)
    OSDbg_FlagModeClrEn                      0x080066d1   Data           1  os_dbg.o(.constdata)
    OSDbg_FlagPendAbortEn                    0x080066d2   Data           1  os_dbg.o(.constdata)
    OSDbg_FlagGrpSize                        0x080066d4   Data           2  os_dbg.o(.constdata)
    OSDbg_FlagWidth                          0x080066d6   Data           2  os_dbg.o(.constdata)
    OSDbg_IntQ                               0x080066d8   Data           2  os_dbg.o(.constdata)
    OSDbg_ISRPostDeferredEn                  0x080066da   Data           1  os_dbg.o(.constdata)
    OSDbg_Mem                                0x080066dc   Data          32  os_dbg.o(.constdata)
    OSDbg_MemEn                              0x080066fc   Data           1  os_dbg.o(.constdata)
    OSDbg_MemSize                            0x080066fe   Data           2  os_dbg.o(.constdata)
    OSDbg_MsgEn                              0x08006700   Data           1  os_dbg.o(.constdata)
    OSDbg_MsgSize                            0x08006702   Data           2  os_dbg.o(.constdata)
    OSDbg_MsgPoolSize                        0x08006704   Data           2  os_dbg.o(.constdata)
    OSDbg_MsgQSize                           0x08006706   Data           2  os_dbg.o(.constdata)
    OSDbg_Mutex                              0x08006708   Data          44  os_dbg.o(.constdata)
    OSDbg_MutexEn                            0x08006734   Data           1  os_dbg.o(.constdata)
    OSDbg_MutexDelEn                         0x08006735   Data           1  os_dbg.o(.constdata)
    OSDbg_MutexPendAbortEn                   0x08006736   Data           1  os_dbg.o(.constdata)
    OSDbg_MutexSize                          0x08006738   Data           2  os_dbg.o(.constdata)
    OSDbg_ObjTypeChkEn                       0x0800673a   Data           1  os_dbg.o(.constdata)
    OSDbg_PendMultiEn                        0x0800673b   Data           1  os_dbg.o(.constdata)
    OSDbg_PendDataSize                       0x0800673c   Data           2  os_dbg.o(.constdata)
    OSDbg_PendListSize                       0x0800673e   Data           2  os_dbg.o(.constdata)
    OSDbg_PendObjSize                        0x08006740   Data           2  os_dbg.o(.constdata)
    OSDbg_PrioMax                            0x08006742   Data           2  os_dbg.o(.constdata)
    OSDbg_PrioTblSize                        0x08006744   Data           2  os_dbg.o(.constdata)
    OSDbg_PtrSize                            0x08006746   Data           2  os_dbg.o(.constdata)
    OSDbg_Q                                  0x08006748   Data          48  os_dbg.o(.constdata)
    OSDbg_QEn                                0x08006778   Data           1  os_dbg.o(.constdata)
    OSDbg_QDelEn                             0x08006779   Data           1  os_dbg.o(.constdata)
    OSDbg_QFlushEn                           0x0800677a   Data           1  os_dbg.o(.constdata)
    OSDbg_QPendAbortEn                       0x0800677b   Data           1  os_dbg.o(.constdata)
    OSDbg_QSize                              0x0800677c   Data           2  os_dbg.o(.constdata)
    OSDbg_SchedRoundRobinEn                  0x0800677e   Data           1  os_dbg.o(.constdata)
    OSDbg_Sem                                0x08006780   Data          40  os_dbg.o(.constdata)
    OSDbg_SemEn                              0x080067a8   Data           1  os_dbg.o(.constdata)
    OSDbg_SemDelEn                           0x080067a9   Data           1  os_dbg.o(.constdata)
    OSDbg_SemPendAbortEn                     0x080067aa   Data           1  os_dbg.o(.constdata)
    OSDbg_SemSetEn                           0x080067ab   Data           1  os_dbg.o(.constdata)
    OSDbg_SemSize                            0x080067ac   Data           2  os_dbg.o(.constdata)
    OSDbg_RdyList                            0x080067ae   Data           2  os_dbg.o(.constdata)
    OSDbg_RdyListSize                        0x080067b0   Data           4  os_dbg.o(.constdata)
    OSDbg_StkWidth                           0x080067b4   Data           1  os_dbg.o(.constdata)
    OSDbg_StatTaskEn                         0x080067b5   Data           1  os_dbg.o(.constdata)
    OSDbg_StatTaskStkChkEn                   0x080067b6   Data           1  os_dbg.o(.constdata)
    OSDbg_TaskChangePrioEn                   0x080067b7   Data           1  os_dbg.o(.constdata)
    OSDbg_TaskDelEn                          0x080067b8   Data           1  os_dbg.o(.constdata)
    OSDbg_TaskQEn                            0x080067b9   Data           1  os_dbg.o(.constdata)
    OSDbg_TaskQPendAbortEn                   0x080067ba   Data           1  os_dbg.o(.constdata)
    OSDbg_TaskProfileEn                      0x080067bb   Data           1  os_dbg.o(.constdata)
    OSDbg_TaskRegTblSize                     0x080067bc   Data           2  os_dbg.o(.constdata)
    OSDbg_TaskSemPendAbortEn                 0x080067be   Data           1  os_dbg.o(.constdata)
    OSDbg_TaskSuspendEn                      0x080067bf   Data           1  os_dbg.o(.constdata)
    OSDbg_TCBSize                            0x080067c0   Data           2  os_dbg.o(.constdata)
    OSDbg_TickSpokeSize                      0x080067c2   Data           2  os_dbg.o(.constdata)
    OSDbg_TimeDlyHMSMEn                      0x080067c4   Data           1  os_dbg.o(.constdata)
    OSDbg_TimeDlyResumeEn                    0x080067c5   Data           1  os_dbg.o(.constdata)
    OSDbg_TLS_TblSize                        0x080067c6   Data           2  os_dbg.o(.constdata)
    OSDbg_Tmr                                0x080067c8   Data          52  os_dbg.o(.constdata)
    OSDbg_TmrEn                              0x080067fc   Data           1  os_dbg.o(.constdata)
    OSDbg_TmrDelEn                           0x080067fd   Data           1  os_dbg.o(.constdata)
    OSDbg_TmrSize                            0x080067fe   Data           2  os_dbg.o(.constdata)
    OSDbg_TmrSpokeSize                       0x08006800   Data           2  os_dbg.o(.constdata)
    OSDbg_VersionNbr                         0x08006802   Data           2  os_dbg.o(.constdata)
    OSDbg_DataSize                           0x08006804   Data           4  os_dbg.o(.constdata)
    Region$$Table$$Base                      0x0800689c   Number         0  anon$$obj.o(Region$$Table)
    Region$$Table$$Limit                     0x080068bc   Number         0  anon$$obj.o(Region$$Table)
    __stdout                                 0x20000014   Data           4  usart.o(.data)
    USART_RX_STA                             0x20000018   Data           2  usart.o(.data)
    CPU_TS_TmrFreq_Hz                        0x20000020   Data           4  cpu_core.o(.data)
    OSPrioTbl                                0x20000024   Data           8  os_prio.o(.data)
    OS_AppTaskCreateHookPtr                  0x2000002c   Data           4  os_var.o(.data)
    OS_AppTaskDelHookPtr                     0x20000030   Data           4  os_var.o(.data)
    OS_AppTaskReturnHookPtr                  0x20000034   Data           4  os_var.o(.data)
    OS_AppIdleTaskHookPtr                    0x20000038   Data           4  os_var.o(.data)
    OS_AppStatTaskHookPtr                    0x2000003c   Data           4  os_var.o(.data)
    OS_AppTaskSwHookPtr                      0x20000040   Data           4  os_var.o(.data)
    OS_AppTimeTickHookPtr                    0x20000044   Data           4  os_var.o(.data)
    OSIdleTaskCtr                            0x20000048   Data           4  os_var.o(.data)
    OSIntNestingCtr                          0x2000004c   Data           1  os_var.o(.data)
    OSRunning                                0x2000004d   Data           1  os_var.o(.data)
    OSIntQInPtr                              0x20000050   Data           4  os_var.o(.data)
    OSIntQOutPtr                             0x20000054   Data           4  os_var.o(.data)
    OSIntQNbrEntries                         0x20000058   Data           2  os_var.o(.data)
    OSIntQNbrEntriesMax                      0x2000005a   Data           2  os_var.o(.data)
    OSIntQOvfCtr                             0x2000005c   Data           2  os_var.o(.data)
    OSIntQTaskTimeMax                        0x20000060   Data           4  os_var.o(.data)
    OSFlagDbgListPtr                         0x20000064   Data           4  os_var.o(.data)
    OSFlagQty                                0x20000068   Data           2  os_var.o(.data)
    OSMemDbgListPtr                          0x2000006c   Data           4  os_var.o(.data)
    OSMemQty                                 0x20000070   Data           2  os_var.o(.data)
    OSMutexDbgListPtr                        0x20000074   Data           4  os_var.o(.data)
    OSMutexQty                               0x20000078   Data           2  os_var.o(.data)
    OSPrioCur                                0x2000007a   Data           1  os_var.o(.data)
    OSPrioHighRdy                            0x2000007b   Data           1  os_var.o(.data)
    OSPrioSaved                              0x2000007c   Data           1  os_var.o(.data)
    OSQDbgListPtr                            0x20000080   Data           4  os_var.o(.data)
    OSQQty                                   0x20000084   Data           2  os_var.o(.data)
    OSSchedLockTimeBegin                     0x20000088   Data           4  os_var.o(.data)
    OSSchedLockTimeMax                       0x2000008c   Data           4  os_var.o(.data)
    OSSchedLockTimeMaxCur                    0x20000090   Data           4  os_var.o(.data)
    OSSchedLockNestingCtr                    0x20000094   Data           1  os_var.o(.data)
    OSSchedRoundRobinDfltTimeQuanta          0x20000098   Data           4  os_var.o(.data)
    OSSchedRoundRobinEn                      0x2000009c   Data           1  os_var.o(.data)
    OSSemDbgListPtr                          0x200000a0   Data           4  os_var.o(.data)
    OSSemQty                                 0x200000a4   Data           2  os_var.o(.data)
    OSStatResetFlag                          0x200000a6   Data           1  os_var.o(.data)
    OSStatTaskCPUUsage                       0x200000a8   Data           2  os_var.o(.data)
    OSStatTaskCPUUsageMax                    0x200000aa   Data           2  os_var.o(.data)
    OSStatTaskCtr                            0x200000ac   Data           4  os_var.o(.data)
    OSStatTaskCtrMax                         0x200000b0   Data           4  os_var.o(.data)
    OSStatTaskCtrRun                         0x200000b4   Data           4  os_var.o(.data)
    OSStatTaskRdy                            0x200000b8   Data           1  os_var.o(.data)
    OSStatTaskTimeMax                        0x200000bc   Data           4  os_var.o(.data)
    OSTaskCtxSwCtr                           0x200000c0   Data           4  os_var.o(.data)
    OSTaskDbgListPtr                         0x200000c4   Data           4  os_var.o(.data)
    OSTaskQty                                0x200000c8   Data           2  os_var.o(.data)
    OSTaskRegNextAvailID                     0x200000ca   Data           1  os_var.o(.data)
    OSTickCtr                                0x200000cc   Data           4  os_var.o(.data)
    OSTickTaskTimeMax                        0x200000d0   Data           4  os_var.o(.data)
    OSTmrDbgListPtr                          0x200000d4   Data           4  os_var.o(.data)
    OSTmrQty                                 0x200000d8   Data           2  os_var.o(.data)
    OSTmrTaskTimeMax                         0x200000dc   Data           4  os_var.o(.data)
    OSTmrTickCtr                             0x200000e0   Data           4  os_var.o(.data)
    OSTmrUpdateCnt                           0x200000e4   Data           4  os_var.o(.data)
    OSTmrUpdateCtr                           0x200000e8   Data           4  os_var.o(.data)
    OSTCBCurPtr                              0x200000ec   Data           4  os_var.o(.data)
    OSTCBHighRdyPtr                          0x200000f0   Data           4  os_var.o(.data)
    OS_CPU_ExceptStkBase                     0x200000f4   Data           4  os_cpu_c.o(.data)
    USART_RX_BUF                             0x200000f8   Data         200  usart.o(.bss)
    StartTaskTCB                             0x200001c0   Data         196  main.o(.bss)
    START_TASK_STK                           0x20000284   Data        2048  main.o(.bss)
    Led0TaskTCB                              0x20000a84   Data         196  main.o(.bss)
    LED0_TASK_STK                            0x20000b48   Data         512  main.o(.bss)
    Led1TaskTCB                              0x20000d48   Data         196  main.o(.bss)
    LED1_TASK_STK                            0x20000e0c   Data         512  main.o(.bss)
    FloatTaskTCB                             0x2000100c   Data         196  main.o(.bss)
    FLOAT_TASK_STK                           0x200010d0   Data         512  main.o(.bss)
    CPU_Name                                 0x200012d0   Data          16  cpu_core.o(.bss)
    OSCfg_IdleTaskStk                        0x200012e0   Data         512  os_cfg_app.o(.bss)
    OSCfg_IntQ                               0x200014e0   Data         320  os_cfg_app.o(.bss)
    OSCfg_IntQTaskStk                        0x20001620   Data         512  os_cfg_app.o(.bss)
    OSCfg_ISRStk                             0x20001820   Data         512  os_cfg_app.o(.bss)
    OSCfg_MsgPool                            0x20001a20   Data        1600  os_cfg_app.o(.bss)
    OSCfg_StatTaskStk                        0x20002060   Data         512  os_cfg_app.o(.bss)
    OSCfg_TickTaskStk                        0x20002260   Data         512  os_cfg_app.o(.bss)
    OSCfg_TickWheel                          0x20002460   Data         136  os_cfg_app.o(.bss)
    OSCfg_TmrTaskStk                         0x200024e8   Data         512  os_cfg_app.o(.bss)
    OSCfg_TmrWheel                           0x200026e8   Data         136  os_cfg_app.o(.bss)
    OSIdleTaskTCB                            0x20002770   Data         196  os_var.o(.bss)
    OSIntQTaskTCB                            0x20002834   Data         196  os_var.o(.bss)
    OSMsgPool                                0x200028f8   Data          12  os_var.o(.bss)
    OSRdyList                                0x20002904   Data         768  os_var.o(.bss)
    OSStatTaskTCB                            0x20002c04   Data         196  os_var.o(.bss)
    OSTickTaskTCB                            0x20002cc8   Data         196  os_var.o(.bss)
    OSTmrTaskTCB                             0x20002d8c   Data         196  os_var.o(.bss)
    __libspace_start                         0x20002e50   Data          96  libspace.o(.bss)
    __temporary_stack_top$libspace           0x20002eb0   Data           0  libspace.o(.bss)



==============================================================================

Memory Map of the image

  Image Entry point : 0x08000189

  Load Region LR_IROM1 (Base: 0x08000000, Size: 0x000069d0, Max: 0x00100000, ABSOLUTE)

    Execution Region ER_IROM1 (Exec base: 0x08000000, Load base: 0x08000000, Size: 0x000068d8, Max: 0x00100000, ABSOLUTE)

    Exec Addr    Load Addr    Size         Type   Attr      Idx    E Section Name        Object

    0x08000000   0x08000000   0x00000188   Data   RO            3    RESET               startup_stm32f40_41xxx.o
    0x08000188   0x08000188   0x00000008   Code   RO         7164  * !!!main             c_w.l(__main.o)
    0x08000190   0x08000190   0x00000034   Code   RO         7394    !!!scatter          c_w.l(__scatter.o)
    0x080001c4   0x080001c4   0x0000001a   Code   RO         7396    !!handler_copy      c_w.l(__scatter_copy.o)
    0x080001de   0x080001de   0x00000002   PAD
    0x080001e0   0x080001e0   0x0000001c   Code   RO         7398    !!handler_zi        c_w.l(__scatter_zi.o)
    0x080001fc   0x080001fc   0x00000000   Code   RO         7161    .ARM.Collect$$_printf_percent$$00000000  c_w.l(_printf_percent.o)
    0x080001fc   0x080001fc   0x00000006   Code   RO         7160    .ARM.Collect$$_printf_percent$$00000003  c_w.l(_printf_f.o)
    0x08000202   0x08000202   0x00000004   Code   RO         7181    .ARM.Collect$$_printf_percent$$00000017  c_w.l(_printf_percent_end.o)
    0x08000206   0x08000206   0x00000002   Code   RO         7271    .ARM.Collect$$libinit$$00000000  c_w.l(libinit.o)
    0x08000208   0x08000208   0x00000004   Code   RO         7272    .ARM.Collect$$libinit$$00000001  c_w.l(libinit2.o)
    0x0800020c   0x0800020c   0x00000000   Code   RO         7275    .ARM.Collect$$libinit$$00000004  c_w.l(libinit2.o)
    0x0800020c   0x0800020c   0x00000000   Code   RO         7278    .ARM.Collect$$libinit$$0000000A  c_w.l(libinit2.o)
    0x0800020c   0x0800020c   0x00000000   Code   RO         7280    .ARM.Collect$$libinit$$0000000C  c_w.l(libinit2.o)
    0x0800020c   0x0800020c   0x00000000   Code   RO         7282    .ARM.Collect$$libinit$$0000000E  c_w.l(libinit2.o)
    0x0800020c   0x0800020c   0x00000006   Code   RO         7283    .ARM.Collect$$libinit$$0000000F  c_w.l(libinit2.o)
    0x08000212   0x08000212   0x00000000   Code   RO         7285    .ARM.Collect$$libinit$$00000011  c_w.l(libinit2.o)
    0x08000212   0x08000212   0x00000000   Code   RO         7287    .ARM.Collect$$libinit$$00000013  c_w.l(libinit2.o)
    0x08000212   0x08000212   0x00000000   Code   RO         7289    .ARM.Collect$$libinit$$00000015  c_w.l(libinit2.o)
    0x08000212   0x08000212   0x0000000a   Code   RO         7290    .ARM.Collect$$libinit$$00000016  c_w.l(libinit2.o)
    0x0800021c   0x0800021c   0x00000000   Code   RO         7291    .ARM.Collect$$libinit$$00000017  c_w.l(libinit2.o)
    0x0800021c   0x0800021c   0x00000000   Code   RO         7293    .ARM.Collect$$libinit$$00000019  c_w.l(libinit2.o)
    0x0800021c   0x0800021c   0x00000000   Code   RO         7295    .ARM.Collect$$libinit$$0000001B  c_w.l(libinit2.o)
    0x0800021c   0x0800021c   0x00000000   Code   RO         7297    .ARM.Collect$$libinit$$0000001D  c_w.l(libinit2.o)
    0x0800021c   0x0800021c   0x00000000   Code   RO         7299    .ARM.Collect$$libinit$$0000001F  c_w.l(libinit2.o)
    0x0800021c   0x0800021c   0x00000000   Code   RO         7301    .ARM.Collect$$libinit$$00000021  c_w.l(libinit2.o)
    0x0800021c   0x0800021c   0x00000000   Code   RO         7303    .ARM.Collect$$libinit$$00000023  c_w.l(libinit2.o)
    0x0800021c   0x0800021c   0x00000000   Code   RO         7305    .ARM.Collect$$libinit$$00000025  c_w.l(libinit2.o)
    0x0800021c   0x0800021c   0x00000000   Code   RO         7309    .ARM.Collect$$libinit$$0000002C  c_w.l(libinit2.o)
    0x0800021c   0x0800021c   0x00000000   Code   RO         7311    .ARM.Collect$$libinit$$0000002E  c_w.l(libinit2.o)
    0x0800021c   0x0800021c   0x00000000   Code   RO         7313    .ARM.Collect$$libinit$$00000030  c_w.l(libinit2.o)
    0x0800021c   0x0800021c   0x00000000   Code   RO         7315    .ARM.Collect$$libinit$$00000032  c_w.l(libinit2.o)
    0x0800021c   0x0800021c   0x00000002   Code   RO         7316    .ARM.Collect$$libinit$$00000033  c_w.l(libinit2.o)
    0x0800021e   0x0800021e   0x00000002   Code   RO         7358    .ARM.Collect$$libshutdown$$00000000  c_w.l(libshutdown.o)
    0x08000220   0x08000220   0x00000000   Code   RO         7377    .ARM.Collect$$libshutdown$$00000002  c_w.l(libshutdown2.o)
    0x08000220   0x08000220   0x00000000   Code   RO         7379    .ARM.Collect$$libshutdown$$00000004  c_w.l(libshutdown2.o)
    0x08000220   0x08000220   0x00000000   Code   RO         7382    .ARM.Collect$$libshutdown$$00000007  c_w.l(libshutdown2.o)
    0x08000220   0x08000220   0x00000000   Code   RO         7385    .ARM.Collect$$libshutdown$$0000000A  c_w.l(libshutdown2.o)
    0x08000220   0x08000220   0x00000000   Code   RO         7387    .ARM.Collect$$libshutdown$$0000000C  c_w.l(libshutdown2.o)
    0x08000220   0x08000220   0x00000000   Code   RO         7390    .ARM.Collect$$libshutdown$$0000000F  c_w.l(libshutdown2.o)
    0x08000220   0x08000220   0x00000002   Code   RO         7391    .ARM.Collect$$libshutdown$$00000010  c_w.l(libshutdown2.o)
    0x08000222   0x08000222   0x00000000   Code   RO         7172    .ARM.Collect$$rtentry$$00000000  c_w.l(__rtentry.o)
    0x08000222   0x08000222   0x00000000   Code   RO         7188    .ARM.Collect$$rtentry$$00000002  c_w.l(__rtentry2.o)
    0x08000222   0x08000222   0x00000006   Code   RO         7200    .ARM.Collect$$rtentry$$00000004  c_w.l(__rtentry4.o)
    0x08000228   0x08000228   0x00000000   Code   RO         7190    .ARM.Collect$$rtentry$$00000009  c_w.l(__rtentry2.o)
    0x08000228   0x08000228   0x00000004   Code   RO         7191    .ARM.Collect$$rtentry$$0000000A  c_w.l(__rtentry2.o)
    0x0800022c   0x0800022c   0x00000000   Code   RO         7193    .ARM.Collect$$rtentry$$0000000C  c_w.l(__rtentry2.o)
    0x0800022c   0x0800022c   0x00000008   Code   RO         7194    .ARM.Collect$$rtentry$$0000000D  c_w.l(__rtentry2.o)
    0x08000234   0x08000234   0x00000002   Code   RO         7317    .ARM.Collect$$rtexit$$00000000  c_w.l(rtexit.o)
    0x08000236   0x08000236   0x00000000   Code   RO         7330    .ARM.Collect$$rtexit$$00000002  c_w.l(rtexit2.o)
    0x08000236   0x08000236   0x00000004   Code   RO         7331    .ARM.Collect$$rtexit$$00000003  c_w.l(rtexit2.o)
    0x0800023a   0x0800023a   0x00000006   Code   RO         7332    .ARM.Collect$$rtexit$$00000004  c_w.l(rtexit2.o)
    0x08000240   0x08000240   0x00000040   Code   RO            4    .text               startup_stm32f40_41xxx.o
    0x08000280   0x08000280   0x00000034   Code   RO         5445    .text               cpu_a.o
    0x080002b4   0x080002b4   0x00000002   Code   RO         7130    .text               c_w.l(use_no_semi_2.o)
    0x080002b6   0x080002b6   0x00000002   PAD
    0x080002b8   0x080002b8   0x00000018   Code   RO         7136    .text               c_w.l(noretval__2printf.o)
    0x080002d0   0x080002d0   0x0000010e   Code   RO         7148    .text               c_w.l(__printf_wp.o)
    0x080003de   0x080003de   0x00000006   Code   RO         7162    .text               c_w.l(heapauxi.o)
    0x080003e4   0x080003e4   0x00000002   Code   RO         7170    .text               c_w.l(use_no_semi.o)
    0x080003e6   0x080003e6   0x0000041e   Code   RO         7177    .text               c_w.l(_printf_fp_dec.o)
    0x08000804   0x08000804   0x00000024   Code   RO         7179    .text               c_w.l(_printf_char_file.o)
    0x08000828   0x08000828   0x00000008   Code   RO         7207    .text               c_w.l(rt_locale_intlibspace.o)
    0x08000830   0x08000830   0x0000008a   Code   RO         7209    .text               c_w.l(lludiv10.o)
    0x080008ba   0x080008ba   0x00000002   PAD
    0x080008bc   0x080008bc   0x00000030   Code   RO         7211    .text               c_w.l(_printf_char_common.o)
    0x080008ec   0x080008ec   0x00000080   Code   RO         7213    .text               c_w.l(_printf_fp_infnan.o)
    0x0800096c   0x0800096c   0x000000e4   Code   RO         7215    .text               c_w.l(bigflt0.o)
    0x08000a50   0x08000a50   0x00000008   Code   RO         7240    .text               c_w.l(ferror.o)
    0x08000a58   0x08000a58   0x00000008   Code   RO         7251    .text               c_w.l(libspace.o)
    0x08000a60   0x08000a60   0x0000004a   Code   RO         7254    .text               c_w.l(sys_stackheap_outer.o)
    0x08000aaa   0x08000aaa   0x00000012   Code   RO         7258    .text               c_w.l(exit.o)
    0x08000abc   0x08000abc   0x00000080   Code   RO         7264    .text               c_w.l(strcmpv7m.o)
    0x08000b3c   0x08000b3c   0x0000003e   Code   RO         7218    CL$$btod_d2e        c_w.l(btod.o)
    0x08000b7a   0x08000b7a   0x00000046   Code   RO         7220    CL$$btod_d2e_denorm_low  c_w.l(btod.o)
    0x08000bc0   0x08000bc0   0x00000060   Code   RO         7219    CL$$btod_d2e_norm_op1  c_w.l(btod.o)
    0x08000c20   0x08000c20   0x00000338   Code   RO         7228    CL$$btod_div_common  c_w.l(btod.o)
    0x08000f58   0x08000f58   0x000000dc   Code   RO         7225    CL$$btod_e2e        c_w.l(btod.o)
    0x08001034   0x08001034   0x0000002a   Code   RO         7222    CL$$btod_ediv       c_w.l(btod.o)
    0x0800105e   0x0800105e   0x0000002a   Code   RO         7221    CL$$btod_emul       c_w.l(btod.o)
    0x08001088   0x08001088   0x00000244   Code   RO         7227    CL$$btod_mult_common  c_w.l(btod.o)
    0x080012cc   0x080012cc   0x000000ac   Code   RO         6973    CODE                os_cpu_a.o
    0x08001378   0x08001378   0x0000000e   Code   RO         5226    i.BSP_CPU_ClkFreq   bsp.o
    0x08001386   0x08001386   0x00000004   Code   RO         5110    i.BusFault_Handler  stm32f4xx_it.o
    0x0800138a   0x0800138a   0x0000000c   Code   RO         5273    i.CPU_Init          cpu_core.o
    0x08001396   0x08001396   0x00000002   PAD
    0x08001398   0x08001398   0x00000030   Code   RO         5274    i.CPU_NameClr       cpu_core.o
    0x080013c8   0x080013c8   0x00000008   Code   RO         5276    i.CPU_NameInit      cpu_core.o
    0x080013d0   0x080013d0   0x00000014   Code   RO         5280    i.CPU_TS_Init       cpu_core.o
    0x080013e4   0x080013e4   0x0000000c   Code   RO         5282    i.CPU_TS_TmrFreqSet  cpu_core.o
    0x080013f0   0x080013f0   0x00000034   Code   RO         5228    i.CPU_TS_TmrInit    bsp.o
    0x08001424   0x08001424   0x0000000c   Code   RO         5229    i.CPU_TS_TmrRd      bsp.o
    0x08001430   0x08001430   0x00000002   Code   RO         5111    i.DebugMon_Handler  stm32f4xx_it.o
    0x08001432   0x08001432   0x00000090   Code   RO         1840    i.GPIO_Init         stm32f4xx_gpio.o
    0x080014c2   0x080014c2   0x00000046   Code   RO         1841    i.GPIO_PinAFConfig  stm32f4xx_gpio.o
    0x08001508   0x08001508   0x00000004   Code   RO         1847    i.GPIO_ResetBits    stm32f4xx_gpio.o
    0x0800150c   0x0800150c   0x00000004   Code   RO         1848    i.GPIO_SetBits      stm32f4xx_gpio.o
    0x08001510   0x08001510   0x00000004   Code   RO         5112    i.HardFault_Handler  stm32f4xx_it.o
    0x08001514   0x08001514   0x00000040   Code   RO         5206    i.LED_Init          user_led.o
    0x08001554   0x08001554   0x00000004   Code   RO         5113    i.MemManage_Handler  stm32f4xx_it.o
    0x08001558   0x08001558   0x00000012   Code   RO         5589    i.Mem_Clr           lib_mem.o
    0x0800156a   0x0800156a   0x00000054   Code   RO         5605    i.Mem_Set           lib_mem.o
    0x080015be   0x080015be   0x00000002   Code   RO         5114    i.NMI_Handler       stm32f4xx_it.o
    0x080015c0   0x080015c0   0x00000078   Code   RO           12    i.NVIC_Init         misc.o
    0x08001638   0x08001638   0x00000014   Code   RO           13    i.NVIC_PriorityGroupConfig  misc.o
    0x0800164c   0x0800164c   0x000000fc   Code   RO         5858    i.OSCfg_Init        os_cfg_app.o
    0x08001748   0x08001748   0x00000014   Code   RO         6978    i.OSIdleTaskHook    os_cpu_c.o
    0x0800175c   0x0800175c   0x0000018c   Code   RO         5881    i.OSInit            os_core.o
    0x080018e8   0x080018e8   0x00000028   Code   RO         6979    i.OSInitHook        os_cpu_c.o
    0x08001910   0x08001910   0x0000002c   Code   RO         5882    i.OSIntEnter        os_core.o
    0x0800193c   0x0800193c   0x000000dc   Code   RO         5883    i.OSIntExit         os_core.o
    0x08001a18   0x08001a18   0x000000a0   Code   RO         5884    i.OSSched           os_core.o
    0x08001ab8   0x08001ab8   0x00000074   Code   RO         5885    i.OSSchedLock       os_core.o
    0x08001b2c   0x08001b2c   0x00000064   Code   RO         5886    i.OSSchedRoundRobinCfg  os_core.o
    0x08001b90   0x08001b90   0x00000094   Code   RO         5888    i.OSSchedUnlock     os_core.o
    0x08001c24   0x08001c24   0x00000068   Code   RO         5889    i.OSStart           os_core.o
    0x08001c8c   0x08001c8c   0x00000138   Code   RO         6581    i.OSStatReset       os_stat.o
    0x08001dc4   0x08001dc4   0x000000f0   Code   RO         6582    i.OSStatTaskCPUUsageInit  os_stat.o
    0x08001eb4   0x08001eb4   0x00000014   Code   RO         6980    i.OSStatTaskHook    os_cpu_c.o
    0x08001ec8   0x08001ec8   0x0000025c   Code   RO         6612    i.OSTaskCreate      os_task.o
    0x08002124   0x08002124   0x00000018   Code   RO         6981    i.OSTaskCreateHook  os_cpu_c.o
    0x0800213c   0x0800213c   0x000001c4   Code   RO         6613    i.OSTaskDel         os_task.o
    0x08002300   0x08002300   0x00000018   Code   RO         6982    i.OSTaskDelHook     os_cpu_c.o
    0x08002318   0x08002318   0x0000007c   Code   RO         6621    i.OSTaskResume      os_task.o
    0x08002394   0x08002394   0x00000018   Code   RO         6983    i.OSTaskReturnHook  os_cpu_c.o
    0x080023ac   0x080023ac   0x00000214   Code   RO         6622    i.OSTaskSemPend     os_task.o
    0x080025c0   0x080025c0   0x000000d4   Code   RO         6626    i.OSTaskStkChk      os_task.o
    0x08002694   0x08002694   0x0000025c   Code   RO         6984    i.OSTaskStkInit     os_cpu_c.o
    0x080028f0   0x080028f0   0x00000060   Code   RO         6627    i.OSTaskSuspend     os_task.o
    0x08002950   0x08002950   0x00000088   Code   RO         6985    i.OSTaskSwHook      os_cpu_c.o
    0x080029d8   0x080029d8   0x00000118   Code   RO         6827    i.OSTimeDly         os_time.o
    0x08002af0   0x08002af0   0x000001f0   Code   RO         6828    i.OSTimeDlyHMSM     os_time.o
    0x08002ce0   0x08002ce0   0x00000044   Code   RO         6832    i.OSTimeTick        os_time.o
    0x08002d24   0x08002d24   0x00000014   Code   RO         6986    i.OSTimeTickHook    os_cpu_c.o
    0x08002d38   0x08002d38   0x000001b0   Code   RO         6127    i.OS_Dbg_Init       os_dbg.o
    0x08002ee8   0x08002ee8   0x00000018   Code   RO         6152    i.OS_FlagInit       os_flag.o
    0x08002f00   0x08002f00   0x00000230   Code   RO         6153    i.OS_FlagPost       os_flag.o
    0x08003130   0x08003130   0x00000056   Code   RO         6154    i.OS_FlagTaskRdy    os_flag.o
    0x08003186   0x08003186   0x00000002   PAD
    0x08003188   0x08003188   0x00000044   Code   RO         5891    i.OS_IdleTask       os_core.o
    0x080031cc   0x080031cc   0x00000070   Code   RO         5892    i.OS_IdleTaskInit   os_core.o
    0x0800323c   0x0800323c   0x000000fc   Code   RO         6226    i.OS_IntQPost       os_int.o
    0x08003338   0x08003338   0x000001a4   Code   RO         6227    i.OS_IntQRePost     os_int.o
    0x080034dc   0x080034dc   0x000000b4   Code   RO         6228    i.OS_IntQTask       os_int.o
    0x08003590   0x08003590   0x00000128   Code   RO         6229    i.OS_IntQTaskInit   os_int.o
    0x080036b8   0x080036b8   0x00000018   Code   RO         6260    i.OS_MemInit        os_mem.o
    0x080036d0   0x080036d0   0x00000036   Code   RO         6292    i.OS_MsgPoolCreate  os_msg.o
    0x08003706   0x08003706   0x00000002   PAD
    0x08003708   0x08003708   0x00000054   Code   RO         6293    i.OS_MsgPoolInit    os_msg.o
    0x0800375c   0x0800375c   0x00000044   Code   RO         6294    i.OS_MsgQFreeAll    os_msg.o
    0x080037a0   0x080037a0   0x0000000e   Code   RO         6296    i.OS_MsgQInit       os_msg.o
    0x080037ae   0x080037ae   0x00000002   PAD
    0x080037b0   0x080037b0   0x000000fc   Code   RO         6297    i.OS_MsgQPut        os_msg.o
    0x080038ac   0x080038ac   0x00000018   Code   RO         6342    i.OS_MutexInit      os_mutex.o
    0x080038c4   0x080038c4   0x00000068   Code   RO         5893    i.OS_Pend           os_core.o
    0x0800392c   0x0800392c   0x00000026   Code   RO         5896    i.OS_PendDataInit   os_core.o
    0x08003952   0x08003952   0x00000002   PAD
    0x08003954   0x08003954   0x0000005c   Code   RO         5897    i.OS_PendDbgNameAdd  os_core.o
    0x080039b0   0x080039b0   0x00000024   Code   RO         5898    i.OS_PendDbgNameRemove  os_core.o
    0x080039d4   0x080039d4   0x00000066   Code   RO         5902    i.OS_PendListInsertPrio  os_core.o
    0x08003a3a   0x08003a3a   0x00000030   Code   RO         5903    i.OS_PendListRemove  os_core.o
    0x08003a6a   0x08003a6a   0x00000042   Code   RO         5904    i.OS_PendListRemove1  os_core.o
    0x08003aac   0x08003aac   0x000000c0   Code   RO         5907    i.OS_Post           os_core.o
    0x08003b6c   0x08003b6c   0x0000002a   Code   RO         5908    i.OS_Post1          os_core.o
    0x08003b96   0x08003b96   0x00000002   PAD
    0x08003b98   0x08003b98   0x00000028   Code   RO         6400    i.OS_PrioGetHighest  os_prio.o
    0x08003bc0   0x08003bc0   0x00000018   Code   RO         6401    i.OS_PrioInit       os_prio.o
    0x08003bd8   0x08003bd8   0x00000024   Code   RO         6402    i.OS_PrioInsert     os_prio.o
    0x08003bfc   0x08003bfc   0x00000024   Code   RO         6403    i.OS_PrioRemove     os_prio.o
    0x08003c20   0x08003c20   0x00000018   Code   RO         6446    i.OS_QInit          os_q.o
    0x08003c38   0x08003c38   0x0000014c   Code   RO         6447    i.OS_QPost          os_q.o
    0x08003d84   0x08003d84   0x00000024   Code   RO         5909    i.OS_RdyListInit    os_core.o
    0x08003da8   0x08003da8   0x0000002c   Code   RO         5910    i.OS_RdyListInsert  os_core.o
    0x08003dd4   0x08003dd4   0x00000040   Code   RO         5911    i.OS_RdyListInsertHead  os_core.o
    0x08003e14   0x08003e14   0x0000003c   Code   RO         5912    i.OS_RdyListInsertTail  os_core.o
    0x08003e50   0x08003e50   0x00000044   Code   RO         5913    i.OS_RdyListMoveHeadToTail  os_core.o
    0x08003e94   0x08003e94   0x0000005c   Code   RO         5914    i.OS_RdyListRemove  os_core.o
    0x08003ef0   0x08003ef0   0x00000054   Code   RO         5915    i.OS_Sched0         os_core.o
    0x08003f44   0x08003f44   0x0000001c   Code   RO         5916    i.OS_SchedLockTimeMeasStart  os_core.o
    0x08003f60   0x08003f60   0x0000003c   Code   RO         5917    i.OS_SchedLockTimeMeasStop  os_core.o
    0x08003f9c   0x08003f9c   0x000000d0   Code   RO         5918    i.OS_SchedRoundRobin  os_core.o
    0x0800406c   0x0800406c   0x00000018   Code   RO         6518    i.OS_SemInit        os_sem.o
    0x08004084   0x08004084   0x00000164   Code   RO         6519    i.OS_SemPost        os_sem.o
    0x080041e8   0x080041e8   0x0000035c   Code   RO         6583    i.OS_StatTask       os_stat.o
    0x08004544   0x08004544   0x000000cc   Code   RO         6584    i.OS_StatTaskInit   os_stat.o
    0x08004610   0x08004610   0x00000038   Code   RO         5919    i.OS_TaskBlock      os_core.o
    0x08004648   0x08004648   0x00000030   Code   RO         6629    i.OS_TaskDbgListAdd  os_task.o
    0x08004678   0x08004678   0x00000044   Code   RO         6630    i.OS_TaskDbgListRemove  os_task.o
    0x080046bc   0x080046bc   0x00000020   Code   RO         6631    i.OS_TaskInit       os_task.o
    0x080046dc   0x080046dc   0x000000c8   Code   RO         6632    i.OS_TaskInitTCB    os_task.o
    0x080047a4   0x080047a4   0x0000020c   Code   RO         6633    i.OS_TaskQPost      os_task.o
    0x080049b0   0x080049b0   0x0000001c   Code   RO         5920    i.OS_TaskRdy        os_core.o
    0x080049cc   0x080049cc   0x00000140   Code   RO         6634    i.OS_TaskResume     os_task.o
    0x08004b0c   0x08004b0c   0x00000018   Code   RO         6635    i.OS_TaskReturn     os_task.o
    0x08004b24   0x08004b24   0x000004c4   Code   RO         6636    i.OS_TaskSemPost    os_task.o
    0x08004fe8   0x08004fe8   0x00000150   Code   RO         6637    i.OS_TaskSuspend    os_task.o
    0x08005138   0x08005138   0x00000028   Code   RO         6779    i.OS_TickListInit   os_tick.o
    0x08005160   0x08005160   0x000001bc   Code   RO         6780    i.OS_TickListInsert  os_tick.o
    0x0800531c   0x0800531c   0x00000038   Code   RO         6781    i.OS_TickListRemove  os_tick.o
    0x08005354   0x08005354   0x00000024   Code   RO         6782    i.OS_TickListResetPeak  os_tick.o
    0x08005378   0x08005378   0x000001f8   Code   RO         6783    i.OS_TickListUpdate  os_tick.o
    0x08005570   0x08005570   0x0000002c   Code   RO         6784    i.OS_TickTask       os_tick.o
    0x0800559c   0x0800559c   0x000000b8   Code   RO         6785    i.OS_TickTaskInit   os_tick.o
    0x08005654   0x08005654   0x00000128   Code   RO         6878    i.OS_TmrInit        os_tmr.o
    0x0800577c   0x0800577c   0x000000d0   Code   RO         6879    i.OS_TmrLink        os_tmr.o
    0x0800584c   0x0800584c   0x00000024   Code   RO         6880    i.OS_TmrResetPeak   os_tmr.o
    0x08005870   0x08005870   0x000000c0   Code   RO         6881    i.OS_TmrTask        os_tmr.o
    0x08005930   0x08005930   0x00000050   Code   RO         6882    i.OS_TmrUnlink      os_tmr.o
    0x08005980   0x08005980   0x00000020   Code   RO         2704    i.RCC_AHB1PeriphClockCmd  stm32f4xx_rcc.o
    0x080059a0   0x080059a0   0x00000020   Code   RO         2716    i.RCC_APB2PeriphClockCmd  stm32f4xx_rcc.o
    0x080059c0   0x080059c0   0x000000e8   Code   RO         2725    i.RCC_GetClocksFreq  stm32f4xx_rcc.o
    0x08005aa8   0x08005aa8   0x00000002   Code   RO         5115    i.SVC_Handler       stm32f4xx_it.o
    0x08005aaa   0x08005aaa   0x00000002   PAD
    0x08005aac   0x08005aac   0x000000ec   Code   RO         5169    i.SetSysClock       system_stm32f4xx.o
    0x08005b98   0x08005b98   0x00000028   Code   RO           16    i.SysTick_CLKSourceConfig  misc.o
    0x08005bc0   0x08005bc0   0x0000001c   Code   RO         4847    i.SysTick_Handler   delay.o
    0x08005bdc   0x08005bdc   0x00000068   Code   RO         5171    i.SystemInit        system_stm32f4xx.o
    0x08005c44   0x08005c44   0x00000090   Code   RO         5003    i.USART1_IRQHandler  usart.o
    0x08005cd4   0x08005cd4   0x00000012   Code   RO         4597    i.USART_ClearFlag   stm32f4xx_usart.o
    0x08005ce6   0x08005ce6   0x00000018   Code   RO         4601    i.USART_Cmd         stm32f4xx_usart.o
    0x08005cfe   0x08005cfe   0x00000054   Code   RO         4605    i.USART_GetITStatus  stm32f4xx_usart.o
    0x08005d52   0x08005d52   0x0000004a   Code   RO         4607    i.USART_ITConfig    stm32f4xx_usart.o
    0x08005d9c   0x08005d9c   0x000000d4   Code   RO         4608    i.USART_Init        stm32f4xx_usart.o
    0x08005e70   0x08005e70   0x0000000a   Code   RO         4615    i.USART_ReceiveData  stm32f4xx_usart.o
    0x08005e7a   0x08005e7a   0x00000004   Code   RO         5116    i.UsageFault_Handler  stm32f4xx_it.o
    0x08005e7e   0x08005e7e   0x00000030   Code   RO         7249    i.__ARM_fpclassify  m_wm.l(fpclassify.o)
    0x08005eae   0x08005eae   0x0000000e   Code   RO         7150    i._is_digit         c_w.l(__printf_wp.o)
    0x08005ebc   0x08005ebc   0x00000004   Code   RO         5004    i._sys_exit         usart.o
    0x08005ec0   0x08005ec0   0x00000070   Code   RO         4848    i.delay_init        delay.o
    0x08005f30   0x08005f30   0x00000050   Code   RO         4849    i.delay_ms          delay.o
    0x08005f80   0x08005f80   0x0000000a   Code   RO         4850    i.delay_osschedlock  delay.o
    0x08005f8a   0x08005f8a   0x0000000a   Code   RO         4851    i.delay_osschedunlock  delay.o
    0x08005f94   0x08005f94   0x00000010   Code   RO         4852    i.delay_ostimedly   delay.o
    0x08005fa4   0x08005fa4   0x00000058   Code   RO         4853    i.delay_us          delay.o
    0x08005ffc   0x08005ffc   0x000000e8   Code   RO         5052    i.float_task        main.o
    0x080060e4   0x080060e4   0x0000001c   Code   RO         5005    i.fputc             usart.o
    0x08006100   0x08006100   0x00000044   Code   RO         5053    i.led0_task         main.o
    0x08006144   0x08006144   0x00000044   Code   RO         5054    i.led1_task         main.o
    0x08006188   0x08006188   0x00000104   Code   RO         5055    i.main              main.o
    0x0800628c   0x0800628c   0x00000190   Code   RO         5056    i.start_task        main.o
    0x0800641c   0x0800641c   0x000000b4   Code   RO         5006    i.uart_init         usart.o
    0x080064d0   0x080064d0   0x0000002c   Code   RO         7245    locale$$code        c_w.l(lc_numeric_c.o)
    0x080064fc   0x080064fc   0x0000000c   Code   RO         7182    x$fpl$dretinf       fz_wm.l(dretinf.o)
    0x08006508   0x08006508   0x00000056   Code   RO         7166    x$fpl$f2d           fz_wm.l(f2d.o)
    0x0800655e   0x0800655e   0x0000008c   Code   RO         7184    x$fpl$fnaninf       fz_wm.l(fnaninf.o)
    0x080065ea   0x080065ea   0x0000000a   Code   RO         7327    x$fpl$fpinit        fz_wm.l(fpinit.o)
    0x080065f4   0x080065f4   0x00000004   Code   RO         7168    x$fpl$printf1       fz_wm.l(printf1.o)
    0x080065f8   0x080065f8   0x00000000   Code   RO         7186    x$fpl$usenofp       fz_wm.l(usenofp.o)
    0x080065f8   0x080065f8   0x000000a4   Data   RO         5860    .constdata          os_cfg_app.o
    0x0800669c   0x0800669c   0x0000016c   Data   RO         6128    .constdata          os_dbg.o
    0x08006808   0x08006808   0x00000094   Data   RO         7216    .constdata          c_w.l(bigflt0.o)
    0x0800689c   0x0800689c   0x00000020   Data   RO         7392    Region$$Table       anon$$obj.o
    0x080068bc   0x080068bc   0x0000001c   Data   RO         7244    locale$$data        c_w.l(lc_numeric_c.o)


    Execution Region RW_IRAM1 (Exec base: 0x20000000, Load base: 0x080068d8, Size: 0x000034b0, Max: 0x00020000, ABSOLUTE)

    Exec Addr    Load Addr    Size         Type   Attr      Idx    E Section Name        Object

    0x20000000   0x080068d8   0x00000010   Data   RW         2757    .data               stm32f4xx_rcc.o
    0x20000010   0x080068e8   0x00000004   Data   RW         4854    .data               delay.o
    0x20000014   0x080068ec   0x00000006   Data   RW         5008    .data               usart.o
    0x2000001a   0x080068f2   0x00000002   PAD
    0x2000001c   0x080068f4   0x00000004   Data   RW         5058    .data               main.o
    0x20000020   0x080068f8   0x00000004   Data   RW         5286    .data               cpu_core.o
    0x20000024   0x080068fc   0x00000008   Data   RW         6404    .data               os_prio.o
    0x2000002c   0x08006904   0x000000c8   Data   RW         6960    .data               os_var.o
    0x200000f4   0x080069cc   0x00000004   Data   RW         6989    .data               os_cpu_c.o
    0x200000f8        -       0x000000c8   Zero   RW         5007    .bss                usart.o
    0x200001c0        -       0x00001110   Zero   RW         5057    .bss                main.o
    0x200012d0        -       0x00000010   Zero   RW         5284    .bss                cpu_core.o
    0x200012e0        -       0x00001490   Zero   RW         5859    .bss                os_cfg_app.o
    0x20002770        -       0x000006e0   Zero   RW         6959    .bss                os_var.o
    0x20002e50        -       0x00000060   Zero   RW         7252    .bss                c_w.l(libspace.o)
    0x20002eb0        -       0x00000200   Zero   RW            2    HEAP                startup_stm32f40_41xxx.o
    0x200030b0        -       0x00000400   Zero   RW            1    STACK               startup_stm32f40_41xxx.o


==============================================================================

Image component sizes


      Code (inc. data)   RO Data    RW Data    ZI Data      Debug   Object Name

        78         14          0          0          0       1658   bsp.o
        52          0          0          0          0        356   cpu_a.o
       100         18          0          4         16      12549   cpu_core.o
       344         40          0          4          0      44333   delay.o
       102          0          0          0          0       2012   lib_mem.o
      1028        172          0          4       4368       4367   main.o
       180         24          0          0          0     264433   misc.o
       252        166        164          0       5264      21118   os_cfg_app.o
      3016        412          0          0          0      22224   os_core.o
       172         32          0          0          0        420   os_cpu_a.o
       912         56          0          4          0       7528   os_cpu_c.o
       432        286        364          0          0       4949   os_dbg.o
       670         26          0          0          0       3305   os_flag.o
      1148        204          0          0          0       3778   os_int.o
        24         10          0          0          0       1033   os_mem.o
       472         26          0          0          0       4096   os_msg.o
        24         10          0          0          0       1047   os_mutex.o
       136         16          0          8          0       3142   os_prio.o
       356         18          0          0          0       2370   os_q.o
       380         16          0          0          0       2402   os_sem.o
      1616        208          0          0          0       4235   os_stat.o
      4792        256          0          0          0      14088   os_task.o
      1308        124          0          0          0       5893   os_tick.o
       844         44          0          0          0       3297   os_time.o
       812        134          0          0          0       4508   os_tmr.o
         0          0          0        200       1760      19381   os_var.o
        64         26        392          0       1536        892   startup_stm32f40_41xxx.o
       222          0          0          0          0       3219   stm32f4xx_gpio.o
        22          0          0          0          0       3387   stm32f4xx_it.o
       296         30          0         16          0       4354   stm32f4xx_rcc.o
       422          8          0          0          0       5260   stm32f4xx_usart.o
       340         32          0          0          0       1709   system_stm32f4xx.o
       356         28          0          6        200       4460   usart.o
        64          4          0          0          0        551   user_led.o

    ----------------------------------------------------------------------
     21050       2440        952        248      13144     482354   Object Totals
         0          0         32          0          0          0   (incl. Generated)
        14          0          0          2          0          0   (incl. Padding)

    ----------------------------------------------------------------------

      Code (inc. data)   RO Data    RW Data    ZI Data      Debug   Library Member Name

         8          0          0          0          0         68   __main.o
       284          0          0          0          0        156   __printf_wp.o
         0          0          0          0          0          0   __rtentry.o
        12          0          0          0          0          0   __rtentry2.o
         6          0          0          0          0          0   __rtentry4.o
        52          8          0          0          0          0   __scatter.o
        26          0          0          0          0          0   __scatter_copy.o
        28          0          0          0          0          0   __scatter_zi.o
        48          6          0          0          0         96   _printf_char_common.o
        36          4          0          0          0         80   _printf_char_file.o
         6          0          0          0          0          0   _printf_f.o
      1054          0          0          0          0        216   _printf_fp_dec.o
       128         16          0          0          0         84   _printf_fp_infnan.o
         0          0          0          0          0          0   _printf_percent.o
         4          0          0          0          0          0   _printf_percent_end.o
       228          4        148          0          0         96   bigflt0.o
      1936        128          0          0          0        672   btod.o
        18          0          0          0          0         80   exit.o
         8          0          0          0          0         68   ferror.o
         6          0          0          0          0        152   heapauxi.o
        44         10         28          0          0         76   lc_numeric_c.o
         2          0          0          0          0          0   libinit.o
        22          0          0          0          0          0   libinit2.o
         2          0          0          0          0          0   libshutdown.o
         2          0          0          0          0          0   libshutdown2.o
         8          4          0          0         96         68   libspace.o
       138          0          0          0          0         80   lludiv10.o
        24          4          0          0          0         84   noretval__2printf.o
         8          4          0          0          0         68   rt_locale_intlibspace.o
         2          0          0          0          0          0   rtexit.o
        10          0          0          0          0          0   rtexit2.o
       128          0          0          0          0         68   strcmpv7m.o
        74          0          0          0          0         80   sys_stackheap_outer.o
         2          0          0          0          0         68   use_no_semi.o
         2          0          0          0          0         68   use_no_semi_2.o
        12          0          0          0          0        116   dretinf.o
        86          4          0          0          0        132   f2d.o
       140          4          0          0          0        132   fnaninf.o
        10          0          0          0          0        116   fpinit.o
         4          0          0          0          0        116   printf1.o
         0          0          0          0          0          0   usenofp.o
        48          0          0          0          0        124   fpclassify.o

    ----------------------------------------------------------------------
      4662        196        176          0         96       3164   Library Totals
         6          0          0          0          0          0   (incl. Padding)

    ----------------------------------------------------------------------

      Code (inc. data)   RO Data    RW Data    ZI Data      Debug   Library Name

      4356        188        176          0         96       2428   c_w.l
       252          8          0          0          0        612   fz_wm.l
        48          0          0          0          0        124   m_wm.l

    ----------------------------------------------------------------------
      4662        196        176          0         96       3164   Library Totals

    ----------------------------------------------------------------------

==============================================================================


      Code (inc. data)   RO Data    RW Data    ZI Data      Debug   

     25712       2636       1128        248      13240     469318   Grand Totals
     25712       2636       1128        248      13240     469318   ELF Image Totals
     25712       2636       1128        248          0          0   ROM Totals

==============================================================================

    Total RO  Size (Code + RO Data)                26840 (  26.21kB)
    Total RW  Size (RW Data + ZI Data)             13488 (  13.17kB)
    Total ROM Size (Code + RO Data + RW Data)      27088 (  26.45kB)

==============================================================================

